<html>
<body>
<pre>
<h1>礦ision Build Log</h1>
<h2>Tool Versions:</h2>
IDE-Version: μVision V5.36.0.0
Copyright (C) 2021 ARM Ltd and ARM Germany GmbH. All rights reserved.
License Information: A 2357331198@qq.com, A, LIC=QF82M-XHCZJ-LQH0Q-NCND5-3KTDH-EAB8J
 
Tool Versions:
Toolchain:       MDK-ARM Plus  Version: 5.36.0.0
Toolchain Path:  E:\STM32\Keil5 MDK\MDK536\ARM\ARMCC\Bin
C Compiler:      Armcc.exe V5.06 update 7 (build 960)
Assembler:       Armasm.exe V5.06 update 7 (build 960)
Linker/Locator:  ArmLink.exe V5.06 update 7 (build 960)
Library Manager: ArmAr.exe V5.06 update 7 (build 960)
Hex Converter:   FromElf.exe V5.06 update 7 (build 960)
CPU DLL:         SARMCM3.DLL V5.36.0.0
Dialog DLL:      DCM.DLL V1.17.3.0
Target DLL:      CMSIS_AGDI.dll V1.33.0.0
Dialog DLL:      TCM.DLL V1.53.0.0
 
<h2>Project:</h2>
E:\毕设项目\chelljc\firmware\探索者STM32F407开发板\Projects\MDK-ARM\atk_f407.uvprojx
Project File Date:  03/31/2026

<h2>Output:</h2>
*** Using Compiler 'V5.06 update 7 (build 960)', folder: 'E:\STM32\Keil5 MDK\MDK536\ARM\ARMCC\Bin'
Rebuild target 'ATK-MC5640'
assembling startup_stm32f407xx.s...
compiling main.c...
compiling stm32f4xx_it.c...
compiling system_stm32f4xx.c...
compiling demo.c...
compiling delay.c...
compiling sys.c...
compiling usart.c...
compiling stm32f4xx_hal.c...
compiling stm32f4xx_hal_gpio.c...
compiling stm32f4xx_hal_cortex.c...
compiling stm32f4xx_hal_rcc.c...
compiling stm32f4xx_hal_rcc_ex.c...
compiling stm32f4xx_hal_pwr_ex.c...
compiling stm32f4xx_hal_pwr.c...
compiling stm32f4xx_hal_usart.c...
compiling stm32f4xx_hal_uart.c...
compiling stm32f4xx_hal_dma_ex.c...
compiling stm32f4xx_hal_sram.c...
compiling stm32f4xx_ll_fsmc.c...
compiling stm32f4xx_hal_tim_ex.c...
compiling stm32f4xx_hal_dma.c...
compiling stm32f4xx_hal_tim.c...
compiling stm32f4xx_hal_flash_ex.c...
compiling stm32f4xx_hal_flash.c...
compiling stm32f4xx_hal_dcmi.c...
compiling stm32f4xx_hal_dcmi_ex.c...
compiling led.c...
compiling stm32f4xx_hal_spi.c...
compiling key.c...
compiling atk_mc5640_dcmi.c...
compiling atk_mc5640.c...
compiling atk_mc5640_sccb.c...
compiling lcd.c...
compiling atk_mo395q.c...
compiling atk_mo395q_spi.c...
..\..\Drivers\BSP\ATK_MO395Q\atk_mo395q_spi.c(155): warning:  #1-D: last line of file ends without a newline
  }
..\..\Drivers\BSP\ATK_MO395Q\atk_mo395q_spi.c: 1 warning, 0 errors
compiling atk_mo395q_cmd.c...
linking...
Program Size: Code=43386 RO-data=17906 RW-data=44 ZI-data=44420  
FromELF: creating hex file...
"..\..\Output\atk_f407.axf" - 0 Error(s), 1 Warning(s).

<h2>Software Packages used:</h2>

Package Vendor: Keil
                http://www.keil.com/pack/Keil.STM32F4xx_DFP.2.15.0.pack
                Keil.STM32F4xx_DFP.2.15.0
                STMicroelectronics STM32F4 Series Device Support, Drivers and Examples

<h2>Collection of Component include folders:</h2>
  E:\STM32\Keil5 MDK\MDK536\Keil\STM32F4xx_DFP\2.15.0\Drivers\CMSIS\Device\ST\STM32F4xx\Include

<h2>Collection of Component Files used:</h2>
Build Time Elapsed:  00:00:05
</pre>
</body>
</html>
