Component: ARM Compiler 5.06 update 7 (build 960) Tool: armlink [4d3601]

==============================================================================

Section Cross References

    startup_stm32f407xx.o(STACK) refers (Special) to heapauxi.o(.text) for __use_two_region_memory
    startup_stm32f407xx.o(HEAP) refers (Special) to heapauxi.o(.text) for __use_two_region_memory
    startup_stm32f407xx.o(RESET) refers (Special) to heapauxi.o(.text) for __use_two_region_memory
    startup_stm32f407xx.o(RESET) refers to startup_stm32f407xx.o(STACK) for __initial_sp
    startup_stm32f407xx.o(RESET) refers to startup_stm32f407xx.o(.text) for Reset_Handler
    startup_stm32f407xx.o(RESET) refers to stm32f4xx_it.o(i.NMI_Handler) for NMI_Handler
    startup_stm32f407xx.o(RESET) refers to stm32f4xx_it.o(i.HardFault_Handler) for HardFault_Handler
    startup_stm32f407xx.o(RESET) refers to stm32f4xx_it.o(i.MemManage_Handler) for MemManage_Handler
    startup_stm32f407xx.o(RESET) refers to stm32f4xx_it.o(i.BusFault_Handler) for BusFault_Handler
    startup_stm32f407xx.o(RESET) refers to stm32f4xx_it.o(i.UsageFault_Handler) for UsageFault_Handler
    startup_stm32f407xx.o(RESET) refers to stm32f4xx_it.o(i.SVC_Handler) for SVC_Handler
    startup_stm32f407xx.o(RESET) refers to stm32f4xx_it.o(i.DebugMon_Handler) for DebugMon_Handler
    startup_stm32f407xx.o(RESET) refers to stm32f4xx_it.o(i.PendSV_Handler) for PendSV_Handler
    startup_stm32f407xx.o(RESET) refers to stm32f4xx_it.o(i.SysTick_Handler) for SysTick_Handler
    startup_stm32f407xx.o(RESET) refers to usart.o(i.USART1_IRQHandler) for USART1_IRQHandler
    startup_stm32f407xx.o(RESET) refers to atk_mc5640_dcmi.o(i.DMA2_Stream1_IRQHandler) for DMA2_Stream1_IRQHandler
    startup_stm32f407xx.o(RESET) refers to atk_mc5640_dcmi.o(i.DCMI_IRQHandler) for DCMI_IRQHandler
    startup_stm32f407xx.o(.text) refers (Special) to heapauxi.o(.text) for __use_two_region_memory
    startup_stm32f407xx.o(.text) refers to system_stm32f4xx.o(i.SystemInit) for SystemInit
    startup_stm32f407xx.o(.text) refers to __main.o(!!!main) for __main
    startup_stm32f407xx.o(.text) refers to startup_stm32f407xx.o(HEAP) for Heap_Mem
    startup_stm32f407xx.o(.text) refers to startup_stm32f407xx.o(STACK) for Stack_Mem
    main.o(i.main) refers to stm32f4xx_hal.o(i.HAL_Init) for HAL_Init
    main.o(i.main) refers to sys.o(i.sys_stm32_clock_init) for sys_stm32_clock_init
    main.o(i.main) refers to delay.o(i.delay_init) for delay_init
    main.o(i.main) refers to usart.o(i.usart_init) for usart_init
    main.o(i.main) refers to led.o(i.led_init) for led_init
    main.o(i.main) refers to key.o(i.key_init) for key_init
    main.o(i.main) refers to lcd.o(i.lcd_init) for lcd_init
    main.o(i.main) refers to main.o(i.show_mesg) for show_mesg
    main.o(i.main) refers to demo.o(i.demo_run) for demo_run
    main.o(i.show_mesg) refers to lcd.o(i.lcd_show_string) for lcd_show_string
    main.o(i.show_mesg) refers to noretval__2printf.o(.text) for __2printf
    stm32f4xx_it.o(i.SysTick_Handler) refers to stm32f4xx_hal.o(i.HAL_IncTick) for HAL_IncTick
    system_stm32f4xx.o(i.SystemCoreClockUpdate) refers to system_stm32f4xx.o(.data) for SystemCoreClock
    system_stm32f4xx.o(i.SystemCoreClockUpdate) refers to system_stm32f4xx.o(.constdata) for AHBPrescTable
    demo.o(i.demo_run) refers to _printf_percent.o(.ARM.Collect$$_printf_percent$$00000000) for _printf_percent
    demo.o(i.demo_run) refers to _printf_d.o(.ARM.Collect$$_printf_percent$$00000009) for _printf_d
    demo.o(i.demo_run) refers to _printf_dec.o(.text) for _printf_int_dec
    demo.o(i.demo_run) refers to _printf_u.o(.ARM.Collect$$_printf_percent$$0000000A) for _printf_u
    demo.o(i.demo_run) refers to noretval__2printf.o(.text) for __2printf
    demo.o(i.demo_run) refers to atk_mo395q.o(i.atk_mo395q_init) for atk_mo395q_init
    demo.o(i.demo_run) refers to stm32f4xx_hal_gpio.o(i.HAL_GPIO_TogglePin) for HAL_GPIO_TogglePin
    demo.o(i.demo_run) refers to delay.o(i.delay_ms) for delay_ms
    demo.o(i.demo_run) refers to atk_mo395q.o(i.atk_mo395q_net_config) for atk_mo395q_net_config
    demo.o(i.demo_run) refers to rt_memclr_w.o(.text) for __aeabi_memclr4
    demo.o(i.demo_run) refers to atk_mo395q.o(i.atk_mo395q_socket_config) for atk_mo395q_socket_config
    demo.o(i.demo_run) refers to atk_mc5640.o(i.atk_mc5640_init) for atk_mc5640_init
    demo.o(i.demo_run) refers to atk_mc5640.o(i.atk_mc5640_set_output_format) for atk_mc5640_set_output_format
    demo.o(i.demo_run) refers to atk_mc5640.o(i.atk_mc5640_set_light_mode) for atk_mc5640_set_light_mode
    demo.o(i.demo_run) refers to atk_mc5640.o(i.atk_mc5640_set_color_saturation) for atk_mc5640_set_color_saturation
    demo.o(i.demo_run) refers to atk_mc5640.o(i.atk_mc5640_set_brightness) for atk_mc5640_set_brightness
    demo.o(i.demo_run) refers to atk_mc5640.o(i.atk_mc5640_set_contrast) for atk_mc5640_set_contrast
[...]
    x$fpl$dfltu                              0x0800a8d6   Section       38  dflt_clz.o(x$fpl$dfltu)
    $v0                                      0x0800a8d6   Number         0  dflt_clz.o(x$fpl$dfltu)
    x$fpl$dmul                               0x0800a8fc   Section      340  dmul.o(x$fpl$dmul)
    $v0                                      0x0800a8fc   Number         0  dmul.o(x$fpl$dmul)
    x$fpl$dnaninf                            0x0800aa50   Section      156  dnaninf.o(x$fpl$dnaninf)
    $v0                                      0x0800aa50   Number         0  dnaninf.o(x$fpl$dnaninf)
    x$fpl$dretinf                            0x0800aaec   Section       12  dretinf.o(x$fpl$dretinf)
    $v0                                      0x0800aaec   Number         0  dretinf.o(x$fpl$dretinf)
    x$fpl$fpinit                             0x0800aaf8   Section       10  fpinit.o(x$fpl$fpinit)
    $v0                                      0x0800aaf8   Number         0  fpinit.o(x$fpl$fpinit)
    .constdata                               0x0800ab02   Section       24  system_stm32f4xx.o(.constdata)
    x$fpl$usenofp                            0x0800ab02   Section        0  usenofp.o(x$fpl$usenofp)
    .constdata                               0x0800ab1a   Section        8  stm32f4xx_hal_dma.o(.constdata)
    flagBitshiftOffset                       0x0800ab1a   Data           8  stm32f4xx_hal_dma.o(.constdata)
    .constdata                               0x0800ab22   Section    12160  lcd.o(.constdata)
    .constdata                               0x0800daa2   Section     5249  atk_mc5640.o(.constdata)
    .constdata                               0x0800ef23   Section       40  _printf_hex_int.o(.constdata)
    uc_hextab                                0x0800ef23   Data          20  _printf_hex_int.o(.constdata)
    lc_hextab                                0x0800ef37   Data          20  _printf_hex_int.o(.constdata)
    .data                                    0x20000000   Section        4  system_stm32f4xx.o(.data)
    .data                                    0x20000004   Section        1  demo.o(.data)
    g_net_ready                              0x20000004   Data           1  demo.o(.data)
    .data                                    0x20000008   Section        4  delay.o(.data)
    g_fac_us                                 0x20000008   Data           4  delay.o(.data)
    .data                                    0x2000000c   Section        7  usart.o(.data)
    .data                                    0x20000014   Section        9  stm32f4xx_hal.o(.data)
    .data                                    0x20000020   Section        8  lcd.o(.data)
    .data                                    0x20000028   Section        3  atk_mo395q.o(.data)
    last_phy_status                          0x20000028   Data           1  atk_mo395q.o(.data)
    last_dhcp_status                         0x20000029   Data           1  atk_mo395q.o(.data)
    last_static_status                       0x2000002a   Data           1  atk_mo395q.o(.data)
    .bss                                     0x2000002c   Section    42108  demo.o(.bss)
    g_jpeg_buf                               0x2000002c   Data       40960  demo.o(.bss)
    g_send_buf                               0x2000a02c   Data        1024  demo.o(.bss)
    g_recv_buf                               0x2000a42c   Data          64  demo.o(.bss)
    g_socket                                 0x2000a46c   Data          60  demo.o(.bss)
    .bss                                     0x2000a4a8   Section      268  usart.o(.bss)
    .bss                                     0x2000a5b4   Section       94  lcd.o(.bss)
    .bss                                     0x2000a612   Section       12  atk_mc5640.o(.bss)
    g_atk_mc5640_sta                         0x2000a612   Data          12  atk_mc5640.o(.bss)
    .bss                                     0x2000a620   Section      164  atk_mc5640_dcmi.o(.bss)
    g_atk_mc5640_dcmi_sta                    0x2000a620   Data          68  atk_mc5640_dcmi.o(.bss)
    dma_handle                               0x2000a664   Data          96  atk_mc5640_dcmi.o(.bss)
    .bss                                     0x2000a6c4   Section      564  atk_mo395q.o(.bss)
    g_atk_mo395q_sta                         0x2000a6c4   Data         564  atk_mo395q.o(.bss)
    .bss                                     0x2000a8f8   Section       88  atk_mo395q_spi.o(.bss)
    g_atk_mo395q_spi                         0x2000a8f8   Data          88  atk_mo395q_spi.o(.bss)
    .bss                                     0x2000a950   Section       96  libspace.o(.bss)
    HEAP                                     0x2000a9b0   Section        0  startup_stm32f407xx.o(HEAP)
    STACK                                    0x2000a9b0   Section     1024  startup_stm32f407xx.o(STACK)
    Heap_Mem                                 0x2000a9b0   Data           0  startup_stm32f407xx.o(HEAP)
    Stack_Mem                                0x2000a9b0   Data        1024  startup_stm32f407xx.o(STACK)
    __initial_sp                             0x2000adb0   Data           0  startup_stm32f407xx.o(STACK)

    Global Symbols

    Symbol Name                              Value     Ov Type        Size  Object(Section)

    BuildAttributes$$THM_ISAv4$E$P$D$K$B$S$7EM$VFPi3$EXTD16$VFPS$VFMA$PE$A:L22UL41UL21$X:L11$S22US41US21$IEEE1$IW$USESV6$~STKCKD$USESV7$~SHL$OSPACE$ROPI$EBA8$UX$STANDARDLIB$REQ8$PRES8$EABIv2 0x00000000   Number         0  anon$$obj.o ABSOLUTE
    __ARM_use_no_argv                        0x00000000   Number         0  main.o ABSOLUTE
    __ARM_exceptions_init                     - Undefined Weak Reference
    __alloca_initialize                       - Undefined Weak Reference
    __arm_fini_                               - Undefined Weak Reference
    __arm_preinit_                            - Undefined Weak Reference
    __cpp_initialize__aeabi_                  - Undefined Weak Reference
    __cxa_finalize                            - Undefined Weak Reference
    __rt_locale                               - Undefined Weak Reference
    __sigvec_lookup                           - Undefined Weak Reference
    _atexit_init                              - Undefined Weak Reference
    _call_atexit_fns                          - Undefined Weak Reference
    _clock_init                               - Undefined Weak Reference
    _fp_trap_init                             - Undefined Weak Reference
    _fp_trap_shutdown                         - Undefined Weak Reference
    _get_lc_collate                           - Undefined Weak Reference
    _get_lc_ctype                             - Undefined Weak Reference
    _get_lc_monetary                          - Undefined Weak Reference
    _get_lc_numeric                           - Undefined Weak Reference
    _get_lc_time                              - Undefined Weak Reference
    _getenv_init                              - Undefined Weak Reference
    _handle_redirection                       - Undefined Weak Reference
    _init_alloc                               - Undefined Weak Reference
    _init_user_alloc                          - Undefined Weak Reference
    _initio                                   - Undefined Weak Reference
    _mutex_acquire                            - Undefined Weak Reference
    _mutex_release                            - Undefined Weak Reference
    _printf_post_padding                      - Undefined Weak Reference
    _printf_pre_padding                       - Undefined Weak Reference
    _printf_truncate_signed                   - Undefined Weak Reference
    _printf_truncate_unsigned                 - Undefined Weak Reference
    _rand_init                                - Undefined Weak Reference
    _signal_finish                            - Undefined Weak Reference
    _signal_init                              - Undefined Weak Reference
    _terminate_alloc                          - Undefined Weak Reference
    _terminate_user_alloc                     - Undefined Weak Reference
    _terminateio                              - Undefined Weak Reference
    __Vectors_Size                           0x00000188   Number         0  startup_stm32f407xx.o ABSOLUTE
    __Vectors                                0x08000000   Data           4  startup_stm32f407xx.o(RESET)
    __Vectors_End                            0x08000188   Data           0  startup_stm32f407xx.o(RESET)
    __main                                   0x08000189   Thumb Code     8  __main.o(!!!main)
    __scatterload                            0x08000191   Thumb Code     0  __scatter.o(!!!scatter)
    __scatterload_rt2                        0x08000191   Thumb Code    44  __scatter.o(!!!scatter)
    __scatterload_rt2_thumb_only             0x08000191   Thumb Code     0  __scatter.o(!!!scatter)
    __scatterload_null                       0x0800019f   Thumb Code     0  __scatter.o(!!!scatter)
    __scatterload_copy                       0x080001c5   Thumb Code    26  __scatter_copy.o(!!handler_copy)
    __scatterload_zeroinit                   0x080001e1   Thumb Code    28  __scatter_zi.o(!!handler_zi)
    _printf_d                                0x080001fd   Thumb Code     0  _printf_d.o(.ARM.Collect$$_printf_percent$$00000009)
    _printf_percent                          0x080001fd   Thumb Code     0  _printf_percent.o(.ARM.Collect$$_printf_percent$$00000000)
    _printf_u                                0x08000203   Thumb Code     0  _printf_u.o(.ARM.Collect$$_printf_percent$$0000000A)
    _printf_x                                0x08000209   Thumb Code     0  _printf_x.o(.ARM.Collect$$_printf_percent$$0000000C)
    _printf_percent_end                      0x0800020f   Thumb Code     0  _printf_percent_end.o(.ARM.Collect$$_printf_percent$$00000017)
    __rt_lib_init                            0x08000213   Thumb Code     0  libinit.o(.ARM.Collect$$libinit$$00000000)
    __rt_lib_init_fp_1                       0x08000215   Thumb Code     0  libinit2.o(.ARM.Collect$$libinit$$00000001)
    __rt_lib_init_alloca_1                   0x08000219   Thumb Code     0  libinit2.o(.ARM.Collect$$libinit$$0000002E)
    __rt_lib_init_argv_1                     0x08000219   Thumb Code     0  libinit2.o(.ARM.Collect$$libinit$$0000002C)
    __rt_lib_init_atexit_1                   0x08000219   Thumb Code     0  libinit2.o(.ARM.Collect$$libinit$$0000001B)
    __rt_lib_init_clock_1                    0x08000219   Thumb Code     0  libinit2.o(.ARM.Collect$$libinit$$00000021)
    __rt_lib_init_cpp_1                      0x08000219   Thumb Code     0  libinit2.o(.ARM.Collect$$libinit$$00000032)
    __rt_lib_init_exceptions_1               0x08000219   Thumb Code     0  libinit2.o(.ARM.Collect$$libinit$$00000030)
    __rt_lib_init_fp_trap_1                  0x08000219   Thumb Code     0  libinit2.o(.ARM.Collect$$libinit$$0000001F)
    __rt_lib_init_getenv_1                   0x08000219   Thumb Code     0  libinit2.o(.ARM.Collect$$libinit$$00000023)
    __rt_lib_init_heap_1                     0x08000219   Thumb Code     0  libinit2.o(.ARM.Collect$$libinit$$0000000A)
    __rt_lib_init_lc_collate_1               0x08000219   Thumb Code     0  libinit2.o(.ARM.Collect$$libinit$$00000011)
    __rt_lib_init_lc_ctype_1                 0x08000219   Thumb Code     0  libinit2.o(.ARM.Collect$$libinit$$00000013)
    __rt_lib_init_lc_monetary_1              0x08000219   Thumb Code     0  libinit2.o(.ARM.Collect$$libinit$$00000015)
    __rt_lib_init_lc_numeric_1               0x08000219   Thumb Code     0  libinit2.o(.ARM.Collect$$libinit$$00000017)
    __rt_lib_init_lc_time_1                  0x08000219   Thumb Code     0  libinit2.o(.ARM.Collect$$libinit$$00000019)
    __rt_lib_init_preinit_1                  0x08000219   Thumb Code     0  libinit2.o(.ARM.Collect$$libinit$$00000004)
    __rt_lib_init_rand_1                     0x08000219   Thumb Code     0  libinit2.o(.ARM.Collect$$libinit$$0000000E)
    __rt_lib_init_return                     0x08000219   Thumb Code     0  libinit2.o(.ARM.Collect$$libinit$$00000033)
    __rt_lib_init_signal_1                   0x08000219   Thumb Code     0  libinit2.o(.ARM.Collect$$libinit$$0000001D)
    __rt_lib_init_stdio_1                    0x08000219   Thumb Code     0  libinit2.o(.ARM.Collect$$libinit$$00000025)
    __rt_lib_init_user_alloc_1               0x08000219   Thumb Code     0  libinit2.o(.ARM.Collect$$libinit$$0000000C)
    __rt_lib_shutdown                        0x0800021b   Thumb Code     0  libshutdown.o(.ARM.Collect$$libshutdown$$00000000)
    __rt_lib_shutdown_cpp_1                  0x0800021d   Thumb Code     0  libshutdown2.o(.ARM.Collect$$libshutdown$$00000004)
    __rt_lib_shutdown_fini_1                 0x0800021d   Thumb Code     0  libshutdown2.o(.ARM.Collect$$libshutdown$$00000002)
    __rt_lib_shutdown_fp_trap_1              0x0800021d   Thumb Code     0  libshutdown2.o(.ARM.Collect$$libshutdown$$00000009)
    __rt_lib_shutdown_heap_1                 0x0800021d   Thumb Code     0  libshutdown2.o(.ARM.Collect$$libshutdown$$00000011)
    __rt_lib_shutdown_return                 0x0800021d   Thumb Code     0  libshutdown2.o(.ARM.Collect$$libshutdown$$00000012)
    __rt_lib_shutdown_signal_1               0x0800021d   Thumb Code     0  libshutdown2.o(.ARM.Collect$$libshutdown$$0000000C)
    __rt_lib_shutdown_stdio_1                0x0800021d   Thumb Code     0  libshutdown2.o(.ARM.Collect$$libshutdown$$00000006)
    __rt_lib_shutdown_user_alloc_1           0x0800021d   Thumb Code     0  libshutdown2.o(.ARM.Collect$$libshutdown$$0000000E)
    __rt_entry                               0x0800021f   Thumb Code     0  __rtentry.o(.ARM.Collect$$rtentry$$00000000)
    __rt_entry_presh_1                       0x0800021f   Thumb Code     0  __rtentry2.o(.ARM.Collect$$rtentry$$00000002)
    __rt_entry_sh                            0x0800021f   Thumb Code     0  __rtentry4.o(.ARM.Collect$$rtentry$$00000004)
    __rt_entry_li                            0x08000225   Thumb Code     0  __rtentry2.o(.ARM.Collect$$rtentry$$0000000A)
    __rt_entry_postsh_1                      0x08000225   Thumb Code     0  __rtentry2.o(.ARM.Collect$$rtentry$$00000009)
    __rt_entry_main                          0x08000229   Thumb Code     0  __rtentry2.o(.ARM.Collect$$rtentry$$0000000D)
    __rt_entry_postli_1                      0x08000229   Thumb Code     0  __rtentry2.o(.ARM.Collect$$rtentry$$0000000C)
    __rt_exit                                0x08000231   Thumb Code     0  rtexit.o(.ARM.Collect$$rtexit$$00000000)
    __rt_exit_ls                             0x08000233   Thumb Code     0  rtexit2.o(.ARM.Collect$$rtexit$$00000003)
    __rt_exit_prels_1                        0x08000233   Thumb Code     0  rtexit2.o(.ARM.Collect$$rtexit$$00000002)
    __rt_exit_exit                           0x08000237   Thumb Code     0  rtexit2.o(.ARM.Collect$$rtexit$$00000004)
    Reset_Handler                            0x0800023d   Thumb Code    18  startup_stm32f407xx.o(.text)
    ADC_IRQHandler                           0x08000261   Thumb Code     0  startup_stm32f407xx.o(.text)
    CAN1_RX0_IRQHandler                      0x08000261   Thumb Code     0  startup_stm32f407xx.o(.text)
    CAN1_RX1_IRQHandler                      0x08000261   Thumb Code     0  startup_stm32f407xx.o(.text)
    CAN1_SCE_IRQHandler                      0x08000261   Thumb Code     0  startup_stm32f407xx.o(.text)
    CAN1_TX_IRQHandler                       0x08000261   Thumb Code     0  startup_stm32f407xx.o(.text)
    CAN2_RX0_IRQHandler                      0x08000261   Thumb Code     0  startup_stm32f407xx.o(.text)
    CAN2_RX1_IRQHandler                      0x08000261   Thumb Code     0  startup_stm32f407xx.o(.text)
    CAN2_SCE_IRQHandler                      0x08000261   Thumb Code     0  startup_stm32f407xx.o(.text)
    CAN2_TX_IRQHandler                       0x08000261   Thumb Code     0  startup_stm32f407xx.o(.text)
    DMA1_Stream0_IRQHandler                  0x08000261   Thumb Code     0  startup_stm32f407xx.o(.text)
    DMA1_Stream1_IRQHandler                  0x08000261   Thumb Code     0  startup_stm32f407xx.o(.text)
    DMA1_Stream2_IRQHandler                  0x08000261   Thumb Code     0  startup_stm32f407xx.o(.text)
    DMA1_Stream3_IRQHandler                  0x08000261   Thumb Code     0  startup_stm32f407xx.o(.text)
    DMA1_Stream4_IRQHandler                  0x08000261   Thumb Code     0  startup_stm32f407xx.o(.text)
    DMA1_Stream5_IRQHandler                  0x08000261   Thumb Code     0  startup_stm32f407xx.o(.text)
    DMA1_Stream6_IRQHandler                  0x08000261   Thumb Code     0  startup_stm32f407xx.o(.text)
    DMA1_Stream7_IRQHandler                  0x08000261   Thumb Code     0  startup_stm32f407xx.o(.text)
    DMA2_Stream0_IRQHandler                  0x08000261   Thumb Code     0  startup_stm32f407xx.o(.text)
    DMA2_Stream2_IRQHandler                  0x08000261   Thumb Code     0  startup_stm32f407xx.o(.text)
    DMA2_Stream3_IRQHandler                  0x08000261   Thumb Code     0  startup_stm32f407xx.o(.text)
    DMA2_Stream4_IRQHandler                  0x08000261   Thumb Code     0  startup_stm32f407xx.o(.text)
    DMA2_Stream5_IRQHandler                  0x08000261   Thumb Code     0  startup_stm32f407xx.o(.text)
    DMA2_Stream6_IRQHandler                  0x08000261   Thumb Code     0  startup_stm32f407xx.o(.text)
    DMA2_Stream7_IRQHandler                  0x08000261   Thumb Code     0  startup_stm32f407xx.o(.text)
    ETH_IRQHandler                           0x08000261   Thumb Code     0  startup_stm32f407xx.o(.text)
    ETH_WKUP_IRQHandler                      0x08000261   Thumb Code     0  startup_stm32f407xx.o(.text)
    EXTI0_IRQHandler                         0x08000261   Thumb Code     0  startup_stm32f407xx.o(.text)
    EXTI15_10_IRQHandler                     0x08000261   Thumb Code     0  startup_stm32f407xx.o(.text)
    EXTI1_IRQHandler                         0x08000261   Thumb Code     0  startup_stm32f407xx.o(.text)
    EXTI2_IRQHandler                         0x08000261   Thumb Code     0  startup_stm32f407xx.o(.text)
    EXTI3_IRQHandler                         0x08000261   Thumb Code     0  startup_stm32f407xx.o(.text)
    EXTI4_IRQHandler                         0x08000261   Thumb Code     0  startup_stm32f407xx.o(.text)
    EXTI9_5_IRQHandler                       0x08000261   Thumb Code     0  startup_stm32f407xx.o(.text)
    FLASH_IRQHandler                         0x08000261   Thumb Code     0  startup_stm32f407xx.o(.text)
    FMC_IRQHandler                           0x08000261   Thumb Code     0  startup_stm32f407xx.o(.text)
    FPU_IRQHandler                           0x08000261   Thumb Code     0  startup_stm32f407xx.o(.text)
    HASH_RNG_IRQHandler                      0x08000261   Thumb Code     0  startup_stm32f407xx.o(.text)
    I2C1_ER_IRQHandler                       0x08000261   Thumb Code     0  startup_stm32f407xx.o(.text)
    I2C1_EV_IRQHandler                       0x08000261   Thumb Code     0  startup_stm32f407xx.o(.text)
    I2C2_ER_IRQHandler                       0x08000261   Thumb Code     0  startup_stm32f407xx.o(.text)
    I2C2_EV_IRQHandler                       0x08000261   Thumb Code     0  startup_stm32f407xx.o(.text)
    I2C3_ER_IRQHandler                       0x08000261   Thumb Code     0  startup_stm32f407xx.o(.text)
    I2C3_EV_IRQHandler                       0x08000261   Thumb Code     0  startup_stm32f407xx.o(.text)
    OTG_FS_IRQHandler                        0x08000261   Thumb Code     0  startup_stm32f407xx.o(.text)
    OTG_FS_WKUP_IRQHandler                   0x08000261   Thumb Code     0  startup_stm32f407xx.o(.text)
    OTG_HS_EP1_IN_IRQHandler                 0x08000261   Thumb Code     0  startup_stm32f407xx.o(.text)
    OTG_HS_EP1_OUT_IRQHandler                0x08000261   Thumb Code     0  startup_stm32f407xx.o(.text)
    OTG_HS_IRQHandler                        0x08000261   Thumb Code     0  startup_stm32f407xx.o(.text)
    OTG_HS_WKUP_IRQHandler                   0x08000261   Thumb Code     0  startup_stm32f407xx.o(.text)
    PVD_IRQHandler                           0x08000261   Thumb Code     0  startup_stm32f407xx.o(.text)
    RCC_IRQHandler                           0x08000261   Thumb Code     0  startup_stm32f407xx.o(.text)
    RTC_Alarm_IRQHandler                     0x08000261   Thumb Code     0  startup_stm32f407xx.o(.text)
    RTC_WKUP_IRQHandler                      0x08000261   Thumb Code     0  startup_stm32f407xx.o(.text)
    SDIO_IRQHandler                          0x08000261   Thumb Code     0  startup_stm32f407xx.o(.text)
    SPI1_IRQHandler                          0x08000261   Thumb Code     0  startup_stm32f407xx.o(.text)
    SPI2_IRQHandler                          0x08000261   Thumb Code     0  startup_stm32f407xx.o(.text)
    SPI3_IRQHandler                          0x08000261   Thumb Code     0  startup_stm32f407xx.o(.text)
    TAMP_STAMP_IRQHandler                    0x08000261   Thumb Code     0  startup_stm32f407xx.o(.text)
    TIM1_BRK_TIM9_IRQHandler                 0x08000261   Thumb Code     0  startup_stm32f407xx.o(.text)
    TIM1_CC_IRQHandler                       0x08000261   Thumb Code     0  startup_stm32f407xx.o(.text)
    TIM1_TRG_COM_TIM11_IRQHandler            0x08000261   Thumb Code     0  startup_stm32f407xx.o(.text)
    TIM1_UP_TIM10_IRQHandler                 0x08000261   Thumb Code     0  startup_stm32f407xx.o(.text)
    TIM2_IRQHandler                          0x08000261   Thumb Code     0  startup_stm32f407xx.o(.text)
    TIM3_IRQHandler                          0x08000261   Thumb Code     0  startup_stm32f407xx.o(.text)
    TIM4_IRQHandler                          0x08000261   Thumb Code     0  startup_stm32f407xx.o(.text)
    TIM5_IRQHandler                          0x08000261   Thumb Code     0  startup_stm32f407xx.o(.text)
    TIM6_DAC_IRQHandler                      0x08000261   Thumb Code     0  startup_stm32f407xx.o(.text)
    TIM7_IRQHandler                          0x08000261   Thumb Code     0  startup_stm32f407xx.o(.text)
    TIM8_BRK_TIM12_IRQHandler                0x08000261   Thumb Code     0  startup_stm32f407xx.o(.text)
    TIM8_CC_IRQHandler                       0x08000261   Thumb Code     0  startup_stm32f407xx.o(.text)
    TIM8_TRG_COM_TIM14_IRQHandler            0x08000261   Thumb Code     0  startup_stm32f407xx.o(.text)
    TIM8_UP_TIM13_IRQHandler                 0x08000261   Thumb Code     0  startup_stm32f407xx.o(.text)
    UART4_IRQHandler                         0x08000261   Thumb Code     0  startup_stm32f407xx.o(.text)
    UART5_IRQHandler                         0x08000261   Thumb Code     0  startup_stm32f407xx.o(.text)
    USART2_IRQHandler                        0x08000261   Thumb Code     0  startup_stm32f407xx.o(.text)
    USART3_IRQHandler                        0x08000261   Thumb Code     0  startup_stm32f407xx.o(.text)
    USART6_IRQHandler                        0x08000261   Thumb Code     0  startup_stm32f407xx.o(.text)
    WWDG_IRQHandler                          0x08000261   Thumb Code     0  startup_stm32f407xx.o(.text)
    __user_initial_stackheap                 0x08000265   Thumb Code     0  startup_stm32f407xx.o(.text)
    __use_no_semihosting                     0x08000289   Thumb Code     2  use_no_semi_2.o(.text)
    __aeabi_uldivmod                         0x0800028b   Thumb Code     0  lludivv7m.o(.text)
    _ll_udiv                                 0x0800028b   Thumb Code   238  lludivv7m.o(.text)
    __2printf                                0x08000379   Thumb Code    20  noretval__2printf.o(.text)
    __printf                                 0x08000391   Thumb Code   104  __printf.o(.text)
    _printf_int_dec                          0x080003f9   Thumb Code   104  _printf_dec.o(.text)
    _printf_int_hex                          0x08000471   Thumb Code    84  _printf_hex_int.o(.text)
    _printf_longlong_hex                     0x08000471   Thumb Code     0  _printf_hex_int.o(.text)
    __aeabi_memcpy                           0x080004c9   Thumb Code     0  rt_memcpy_v6.o(.text)
    __rt_memcpy                              0x080004c9   Thumb Code   138  rt_memcpy_v6.o(.text)
    _memcpy_lastbytes                        0x0800052f   Thumb Code     0  rt_memcpy_v6.o(.text)
    __aeabi_memcpy4                          0x08000553   Thumb Code     0  rt_memcpy_w.o(.text)
    __aeabi_memcpy8                          0x08000553   Thumb Code     0  rt_memcpy_w.o(.text)
    __rt_memcpy_w                            0x08000553   Thumb Code   100  rt_memcpy_w.o(.text)
    _memcpy_lastbytes_aligned                0x0800059b   Thumb Code     0  rt_memcpy_w.o(.text)
    __aeabi_memclr4                          0x080005b7   Thumb Code     0  rt_memclr_w.o(.text)
    __aeabi_memclr8                          0x080005b7   Thumb Code     0  rt_memclr_w.o(.text)
    __rt_memclr_w                            0x080005b7   Thumb Code    78  rt_memclr_w.o(.text)
    _memset_w                                0x080005bb   Thumb Code     0  rt_memclr_w.o(.text)
    __use_two_region_memory                  0x08000605   Thumb Code     2  heapauxi.o(.text)
    __rt_heap_escrow$2region                 0x08000607   Thumb Code     2  heapauxi.o(.text)
    __rt_heap_expand$2region                 0x08000609   Thumb Code     2  heapauxi.o(.text)
    __semihosting$guard                      0x0800060b   Thumb Code     0  use_no_semi.o(.text)
    __use_no_semihosting_swi                 0x0800060b   Thumb Code     2  use_no_semi.o(.text)
    _printf_int_common                       0x0800060d   Thumb Code   178  _printf_intcommon.o(.text)
    _printf_char_file                        0x080006c1   Thumb Code    32  _printf_char_file.o(.text)
    _printf_char_common                      0x080006ef   Thumb Code    32  _printf_char_common.o(.text)
    ferror                                   0x08000715   Thumb Code     8  ferror.o(.text)
    __user_setup_stackheap                   0x0800071d   Thumb Code    74  sys_stackheap_outer.o(.text)
    exit                                     0x08000767   Thumb Code    18  exit.o(.text)
    __user_libspace                          0x08000779   Thumb Code     8  libspace.o(.text)
    __user_perproc_libspace                  0x08000779   Thumb Code     0  libspace.o(.text)
    __user_perthread_libspace                0x08000779   Thumb Code     0  libspace.o(.text)
    BusFault_Handler                         0x08000781   Thumb Code     4  stm32f4xx_it.o(i.BusFault_Handler)
    DCMI_IRQHandler                          0x08000869   Thumb Code    10  atk_mc5640_dcmi.o(i.DCMI_IRQHandler)
    DMA2_Stream1_IRQHandler                  0x08000879   Thumb Code    12  atk_mc5640_dcmi.o(i.DMA2_Stream1_IRQHandler)
    DebugMon_Handler                         0x080009b3   Thumb Code     2  stm32f4xx_it.o(i.DebugMon_Handler)
    FSMC_NORSRAM_Extended_Timing_Init        0x080009b5   Thumb Code    66  stm32f4xx_ll_fsmc.o(i.FSMC_NORSRAM_Extended_Timing_Init)
    FSMC_NORSRAM_Init                        0x080009fd   Thumb Code    88  stm32f4xx_ll_fsmc.o(i.FSMC_NORSRAM_Init)
    FSMC_NORSRAM_Timing_Init                 0x08000a59   Thumb Code    68  stm32f4xx_ll_fsmc.o(i.FSMC_NORSRAM_Timing_Init)
    HAL_DCMI_ErrorCallback                   0x08000a9d   Thumb Code     2  stm32f4xx_hal_dcmi.o(i.HAL_DCMI_ErrorCallback)
    HAL_DCMI_FrameEventCallback              0x08000aa1   Thumb Code    16  atk_mc5640_dcmi.o(i.HAL_DCMI_FrameEventCallback)
    HAL_DCMI_IRQHandler                      0x08000ab5   Thumb Code   170  stm32f4xx_hal_dcmi.o(i.HAL_DCMI_IRQHandler)
    HAL_DCMI_Init                            0x08000b65   Thumb Code   146  stm32f4xx_hal_dcmi_ex.o(i.HAL_DCMI_Init)
    HAL_DCMI_LineEventCallback               0x08000bf7   Thumb Code     2  stm32f4xx_hal_dcmi.o(i.HAL_DCMI_LineEventCallback)
    HAL_DCMI_MspInit                         0x08000bf9   Thumb Code   886  atk_mc5640_dcmi.o(i.HAL_DCMI_MspInit)
    HAL_DCMI_Start_DMA                       0x08000f91   Thumb Code   226  stm32f4xx_hal_dcmi.o(i.HAL_DCMI_Start_DMA)
    HAL_DCMI_Stop                            0x0800107d   Thumb Code   136  stm32f4xx_hal_dcmi.o(i.HAL_DCMI_Stop)
    HAL_DCMI_VsyncEventCallback              0x08001109   Thumb Code     2  stm32f4xx_hal_dcmi.o(i.HAL_DCMI_VsyncEventCallback)
    HAL_DMAEx_ChangeMemory                   0x0800110b   Thumb Code    18  stm32f4xx_hal_dma_ex.o(i.HAL_DMAEx_ChangeMemory)
    HAL_DMAEx_MultiBufferStart_IT            0x0800111d   Thumb Code  4048  stm32f4xx_hal_dma_ex.o(i.HAL_DMAEx_MultiBufferStart_IT)
    HAL_DMA_Abort                            0x080020f5   Thumb Code   170  stm32f4xx_hal_dma.o(i.HAL_DMA_Abort)
    HAL_DMA_Abort_IT                         0x0800219f   Thumb Code    40  stm32f4xx_hal_dma.o(i.HAL_DMA_Abort_IT)
    HAL_DMA_IRQHandler                       0x080021c9   Thumb Code   570  stm32f4xx_hal_dma.o(i.HAL_DMA_IRQHandler)
    HAL_DMA_Init                             0x08002409   Thumb Code   232  stm32f4xx_hal_dma.o(i.HAL_DMA_Init)
    HAL_DMA_Start_IT                         0x080024f5   Thumb Code   146  stm32f4xx_hal_dma.o(i.HAL_DMA_Start_IT)
    HAL_GPIO_Init                            0x08002589   Thumb Code   470  stm32f4xx_hal_gpio.o(i.HAL_GPIO_Init)
    HAL_GPIO_ReadPin                         0x0800278d   Thumb Code    16  stm32f4xx_hal_gpio.o(i.HAL_GPIO_ReadPin)
    HAL_GPIO_TogglePin                       0x0800279d   Thumb Code    20  stm32f4xx_hal_gpio.o(i.HAL_GPIO_TogglePin)
    HAL_GPIO_WritePin                        0x080027b1   Thumb Code    12  stm32f4xx_hal_gpio.o(i.HAL_GPIO_WritePin)
    HAL_GetREVID                             0x080027bd   Thumb Code     8  stm32f4xx_hal.o(i.HAL_GetREVID)
    HAL_GetTick                              0x080027c9   Thumb Code     6  stm32f4xx_hal.o(i.HAL_GetTick)
    HAL_IncTick                              0x080027d5   Thumb Code    16  stm32f4xx_hal.o(i.HAL_IncTick)
    HAL_Init                                 0x080027ed   Thumb Code    44  stm32f4xx_hal.o(i.HAL_Init)
    HAL_InitTick                             0x0800281d   Thumb Code    64  stm32f4xx_hal.o(i.HAL_InitTick)
    HAL_MspInit                              0x08002869   Thumb Code     2  stm32f4xx_hal.o(i.HAL_MspInit)
    HAL_NVIC_EnableIRQ                       0x0800286b   Thumb Code    32  stm32f4xx_hal_cortex.o(i.HAL_NVIC_EnableIRQ)
    HAL_NVIC_SetPriority                     0x0800288b   Thumb Code   124  stm32f4xx_hal_cortex.o(i.HAL_NVIC_SetPriority)
    HAL_NVIC_SetPriorityGrouping             0x08002909   Thumb Code    32  stm32f4xx_hal_cortex.o(i.HAL_NVIC_SetPriorityGrouping)
    HAL_RCC_ClockConfig                      0x08002931   Thumb Code   368  stm32f4xx_hal_rcc.o(i.HAL_RCC_ClockConfig)
    HAL_RCC_GetHCLKFreq                      0x08002ab5   Thumb Code     6  stm32f4xx_hal_rcc.o(i.HAL_RCC_GetHCLKFreq)
    HAL_RCC_GetPCLK1Freq                     0x08002ac1   Thumb Code    22  stm32f4xx_hal_rcc.o(i.HAL_RCC_GetPCLK1Freq)
    HAL_RCC_GetPCLK2Freq                     0x08002ae1   Thumb Code    22  stm32f4xx_hal_rcc.o(i.HAL_RCC_GetPCLK2Freq)
    HAL_RCC_GetSysClockFreq                  0x08002b01   Thumb Code   162  stm32f4xx_hal_rcc.o(i.HAL_RCC_GetSysClockFreq)
    HAL_RCC_OscConfig                        0x08002bb1   Thumb Code  1172  stm32f4xx_hal_rcc.o(i.HAL_RCC_OscConfig)
    HAL_SPI_Init                             0x0800304d   Thumb Code   222  stm32f4xx_hal_spi.o(i.HAL_SPI_Init)
    HAL_SPI_MspInit                          0x0800312b   Thumb Code     2  stm32f4xx_hal_spi.o(i.HAL_SPI_MspInit)
    HAL_SPI_TransmitReceive                  0x0800312d   Thumb Code   722  stm32f4xx_hal_spi.o(i.HAL_SPI_TransmitReceive)
    HAL_SRAM_Init                            0x080033ff   Thumb Code    88  stm32f4xx_hal_sram.o(i.HAL_SRAM_Init)
    HAL_SRAM_MspInit                         0x08003459   Thumb Code   152  lcd.o(i.HAL_SRAM_MspInit)
    HAL_SYSTICK_CLKSourceConfig              0x080034fd   Thumb Code    40  stm32f4xx_hal_cortex.o(i.HAL_SYSTICK_CLKSourceConfig)
    HAL_SYSTICK_Config                       0x08003525   Thumb Code    52  stm32f4xx_hal_cortex.o(i.HAL_SYSTICK_Config)
    HAL_UARTEx_RxEventCallback               0x08003559   Thumb Code     2  stm32f4xx_hal_uart.o(i.HAL_UARTEx_RxEventCallback)
    HAL_UART_ErrorCallback                   0x0800355b   Thumb Code     2  stm32f4xx_hal_uart.o(i.HAL_UART_ErrorCallback)
    HAL_UART_GetState                        0x0800355d   Thumb Code    20  stm32f4xx_hal_uart.o(i.HAL_UART_GetState)
    HAL_UART_IRQHandler                      0x08003571   Thumb Code   586  stm32f4xx_hal_uart.o(i.HAL_UART_IRQHandler)
    HAL_UART_Init                            0x080037c1   Thumb Code   114  stm32f4xx_hal_uart.o(i.HAL_UART_Init)
    HAL_UART_MspInit                         0x08003835   Thumb Code   190  usart.o(i.HAL_UART_MspInit)
    HAL_UART_Receive_IT                      0x08003901   Thumb Code    66  stm32f4xx_hal_uart.o(i.HAL_UART_Receive_IT)
    HAL_UART_RxCpltCallback                  0x08003945   Thumb Code   120  usart.o(i.HAL_UART_RxCpltCallback)
    HAL_UART_TxCpltCallback                  0x080039cd   Thumb Code     2  stm32f4xx_hal_uart.o(i.HAL_UART_TxCpltCallback)
    HardFault_Handler                        0x080039cf   Thumb Code     4  stm32f4xx_it.o(i.HardFault_Handler)
    MemManage_Handler                        0x080039d3   Thumb Code     4  stm32f4xx_it.o(i.MemManage_Handler)
    NMI_Handler                              0x080039d7   Thumb Code     2  stm32f4xx_it.o(i.NMI_Handler)
    PendSV_Handler                           0x080039d9   Thumb Code     2  stm32f4xx_it.o(i.PendSV_Handler)
    SVC_Handler                              0x08003b21   Thumb Code     2  stm32f4xx_it.o(i.SVC_Handler)
    SysTick_Handler                          0x08003b23   Thumb Code     8  stm32f4xx_it.o(i.SysTick_Handler)
    SystemInit                               0x08003b2d   Thumb Code    14  system_stm32f4xx.o(i.SystemInit)
    UART_Start_Receive_IT                    0x08003e95   Thumb Code    70  stm32f4xx_hal_uart.o(i.UART_Start_Receive_IT)
    USART1_IRQHandler                        0x08003f3d   Thumb Code    66  usart.o(i.USART1_IRQHandler)
    UsageFault_Handler                       0x08003f8d   Thumb Code     4  stm32f4xx_it.o(i.UsageFault_Handler)
    _sys_exit                                0x08003fc9   Thumb Code     4  usart.o(i._sys_exit)
    atk_mc5640_auto_focus_continuance        0x08003fcd   Thumb Code   130  atk_mc5640.o(i.atk_mc5640_auto_focus_continuance)
    atk_mc5640_auto_focus_init               0x08004051   Thumb Code   188  atk_mc5640.o(i.atk_mc5640_auto_focus_init)
    atk_mc5640_dcmi_init                     0x08004111   Thumb Code    36  atk_mc5640_dcmi.o(i.atk_mc5640_dcmi_init)
    atk_mc5640_dcmi_start                    0x0800413d   Thumb Code    88  atk_mc5640_dcmi.o(i.atk_mc5640_dcmi_start)
    atk_mc5640_get_frame                     0x080041fd   Thumb Code   174  atk_mc5640.o(i.atk_mc5640_get_frame)
    atk_mc5640_init                          0x080044ed   Thumb Code    52  atk_mc5640.o(i.atk_mc5640_init)
    atk_mc5640_sccb_2_phase_read             0x08004563   Thumb Code    34  atk_mc5640_sccb.o(i.atk_mc5640_sccb_2_phase_read)
    atk_mc5640_sccb_2_phase_write            0x08004585   Thumb Code    40  atk_mc5640_sccb.o(i.atk_mc5640_sccb_2_phase_write)
    atk_mc5640_sccb_3_phase_write            0x080045ad   Thumb Code    48  atk_mc5640_sccb.o(i.atk_mc5640_sccb_3_phase_write)
    atk_mc5640_sccb_init                     0x080045e9   Thumb Code   134  atk_mc5640_sccb.o(i.atk_mc5640_sccb_init)
    atk_mc5640_set_brightness                0x08004879   Thumb Code   412  atk_mc5640.o(i.atk_mc5640_set_brightness)
    atk_mc5640_set_color_saturation          0x08004a15   Thumb Code   502  atk_mc5640.o(i.atk_mc5640_set_color_saturation)
    atk_mc5640_set_contrast                  0x08004c0b   Thumb Code   502  atk_mc5640.o(i.atk_mc5640_set_contrast)
    atk_mc5640_set_exposure_level            0x08004e01   Thumb Code   728  atk_mc5640.o(i.atk_mc5640_set_exposure_level)
    atk_mc5640_set_hue                       0x080050d9   Thumb Code   666  atk_mc5640.o(i.atk_mc5640_set_hue)
    atk_mc5640_set_light_mode                0x08005373   Thumb Code   594  atk_mc5640.o(i.atk_mc5640_set_light_mode)
    atk_mc5640_set_mirror_flip               0x080055c5   Thumb Code   256  atk_mc5640.o(i.atk_mc5640_set_mirror_flip)
    atk_mc5640_set_output_format             0x080056c5   Thumb Code    82  atk_mc5640.o(i.atk_mc5640_set_output_format)
    atk_mc5640_set_output_size               0x08005721   Thumb Code   136  atk_mc5640.o(i.atk_mc5640_set_output_size)
    atk_mc5640_set_pre_scaling_window        0x080057a9   Thumb Code   102  atk_mc5640.o(i.atk_mc5640_set_pre_scaling_window)
    atk_mc5640_set_sharpness_level           0x0800580f   Thumb Code   326  atk_mc5640.o(i.atk_mc5640_set_sharpness_level)
    atk_mc5640_set_special_effect            0x08005955   Thumb Code   286  atk_mc5640.o(i.atk_mc5640_set_special_effect)
    atk_mc5640_set_test_pattern              0x08005a73   Thumb Code    92  atk_mc5640.o(i.atk_mc5640_set_test_pattern)
    atk_mo395q_cmd_check_exist               0x08005b0d   Thumb Code    30  atk_mo395q_cmd.o(i.atk_mo395q_cmd_check_exist)
    atk_mo395q_cmd_close_socket_sn           0x08005b2b   Thumb Code    66  atk_mo395q_cmd.o(i.atk_mo395q_cmd_close_socket_sn)
    atk_mo395q_cmd_dhcp_enable               0x08005b6d   Thumb Code    66  atk_mo395q_cmd.o(i.atk_mo395q_cmd_dhcp_enable)
    atk_mo395q_cmd_get_cmd_status            0x08005baf   Thumb Code    22  atk_mo395q_cmd.o(i.atk_mo395q_cmd_get_cmd_status)
    atk_mo395q_cmd_get_dhcp_status           0x08005bc5   Thumb Code    28  atk_mo395q_cmd.o(i.atk_mo395q_cmd_get_dhcp_status)
    atk_mo395q_cmd_get_glob_int_status_all   0x08005be1   Thumb Code    42  atk_mo395q_cmd.o(i.atk_mo395q_cmd_get_glob_int_status_all)
    atk_mo395q_cmd_get_ic_version            0x08005c0b   Thumb Code    22  atk_mo395q_cmd.o(i.atk_mo395q_cmd_get_ic_version)
    atk_mo395q_cmd_get_int_status_sn         0x08005c21   Thumb Code    36  atk_mo395q_cmd.o(i.atk_mo395q_cmd_get_int_status_sn)
    atk_mo395q_cmd_get_ip_inf                0x08005c45   Thumb Code   158  atk_mo395q_cmd.o(i.atk_mo395q_cmd_get_ip_inf)
    atk_mo395q_cmd_get_phy_status            0x08005ce3   Thumb Code    22  atk_mo395q_cmd.o(i.atk_mo395q_cmd_get_phy_status)
    atk_mo395q_cmd_get_remot_ipp_sn          0x08005cf9   Thumb Code    74  atk_mo395q_cmd.o(i.atk_mo395q_cmd_get_remot_ipp_sn)
    atk_mo395q_cmd_init_ch395                0x08005d43   Thumb Code    58  atk_mo395q_cmd.o(i.atk_mo395q_cmd_init_ch395)
    atk_mo395q_cmd_open_socket_sn            0x08005d7d   Thumb Code    66  atk_mo395q_cmd.o(i.atk_mo395q_cmd_open_socket_sn)
    atk_mo395q_cmd_reset_all                 0x08005dbf   Thumb Code    14  atk_mo395q_cmd.o(i.atk_mo395q_cmd_reset_all)
    atk_mo395q_cmd_set_des_port_sn           0x08005dcd   Thumb Code    36  atk_mo395q_cmd.o(i.atk_mo395q_cmd_set_des_port_sn)
    atk_mo395q_cmd_set_gwip_addr             0x08005df1   Thumb Code    34  atk_mo395q_cmd.o(i.atk_mo395q_cmd_set_gwip_addr)
    atk_mo395q_cmd_set_ip_addr               0x08005e13   Thumb Code    34  atk_mo395q_cmd.o(i.atk_mo395q_cmd_set_ip_addr)
    atk_mo395q_cmd_set_ip_addr_sn            0x08005e35   Thumb Code    48  atk_mo395q_cmd.o(i.atk_mo395q_cmd_set_ip_addr_sn)
    atk_mo395q_cmd_set_keep_live_cnt         0x08005e65   Thumb Code    22  atk_mo395q_cmd.o(i.atk_mo395q_cmd_set_keep_live_cnt)
    atk_mo395q_cmd_set_keep_live_idle        0x08005e7b   Thumb Code    44  atk_mo395q_cmd.o(i.atk_mo395q_cmd_set_keep_live_idle)
    atk_mo395q_cmd_set_keep_live_intvl       0x08005ea7   Thumb Code    44  atk_mo395q_cmd.o(i.atk_mo395q_cmd_set_keep_live_intvl)
    atk_mo395q_cmd_set_keep_live_sn          0x08005ed3   Thumb Code    30  atk_mo395q_cmd.o(i.atk_mo395q_cmd_set_keep_live_sn)
    atk_mo395q_cmd_set_mask_addr             0x08005ef1   Thumb Code    34  atk_mo395q_cmd.o(i.atk_mo395q_cmd_set_mask_addr)
    atk_mo395q_cmd_set_proto_type_sn         0x08005f13   Thumb Code    30  atk_mo395q_cmd.o(i.atk_mo395q_cmd_set_proto_type_sn)
    atk_mo395q_cmd_set_sour_port_sn          0x08005f31   Thumb Code    36  atk_mo395q_cmd.o(i.atk_mo395q_cmd_set_sour_port_sn)
    atk_mo395q_cmd_set_ttl                   0x08005f55   Thumb Code    30  atk_mo395q_cmd.o(i.atk_mo395q_cmd_set_ttl)
    atk_mo395q_cmd_tcp_connect_sn            0x08005f73   Thumb Code    66  atk_mo395q_cmd.o(i.atk_mo395q_cmd_tcp_connect_sn)
    atk_mo395q_cmd_tcp_listen_sn             0x08005fb5   Thumb Code    66  atk_mo395q_cmd.o(i.atk_mo395q_cmd_tcp_listen_sn)
    atk_mo395q_cmd_write_send_buf_sn         0x08005ff7   Thumb Code    60  atk_mo395q_cmd.o(i.atk_mo395q_cmd_write_send_buf_sn)
    atk_mo395q_handler                       0x080060c1   Thumb Code   828  atk_mo395q.o(i.atk_mo395q_handler)
    atk_mo395q_init                          0x080064dd   Thumb Code    58  atk_mo395q.o(i.atk_mo395q_init)
    atk_mo395q_net_config                    0x08006531   Thumb Code    86  atk_mo395q.o(i.atk_mo395q_net_config)
    atk_mo395q_socket_config                 0x080065cd   Thumb Code    32  atk_mo395q.o(i.atk_mo395q_socket_config)
    atk_mo395q_spi_init                      0x08006869   Thumb Code    60  atk_mo395q_spi.o(i.atk_mo395q_spi_init)
    atk_mo395q_spi_read_dat                  0x080068ad   Thumb Code    14  atk_mo395q_spi.o(i.atk_mo395q_spi_read_dat)
    atk_mo395q_spi_write_cmd                 0x080068bd   Thumb Code    58  atk_mo395q_spi.o(i.atk_mo395q_spi_write_cmd)
    atk_mo395q_spi_write_dat                 0x080068fd   Thumb Code    12  atk_mo395q_spi.o(i.atk_mo395q_spi_write_dat)
    delay_init                               0x08006939   Thumb Code    16  delay.o(i.delay_init)
    delay_ms                                 0x0800694d   Thumb Code    50  delay.o(i.delay_ms)
    delay_us                                 0x08006981   Thumb Code    68  delay.o(i.delay_us)
    demo_run                                 0x080069c9   Thumb Code   670  demo.o(i.demo_run)
    fputc                                    0x08006df5   Thumb Code    22  usart.o(i.fputc)
    key_init                                 0x08006e11   Thumb Code   240  key.o(i.key_init)
    lcd_clear                                0x08006f0d   Thumb Code    42  lcd.o(i.lcd_clear)
    lcd_display_dir                          0x08006f41   Thumb Code   360  lcd.o(i.lcd_display_dir)
    lcd_draw_point                           0x080070ad   Thumb Code    26  lcd.o(i.lcd_draw_point)
    lcd_ex_ili9341_reginit                   0x080070cd   Thumb Code   556  lcd.o(i.lcd_ex_ili9341_reginit)
    lcd_ex_ili9806_reginit                   0x080072f9   Thumb Code   832  lcd.o(i.lcd_ex_ili9806_reginit)
    lcd_ex_nt35310_reginit                   0x08007639   Thumb Code  3826  lcd.o(i.lcd_ex_nt35310_reginit)
    lcd_ex_nt35510_reginit                   0x0800852b   Thumb Code  3836  lcd.o(i.lcd_ex_nt35510_reginit)
    lcd_ex_ssd1963_reginit                   0x08009427   Thumb Code   366  lcd.o(i.lcd_ex_ssd1963_reginit)
    lcd_ex_st7789_reginit                    0x08009595   Thumb Code   424  lcd.o(i.lcd_ex_st7789_reginit)
    lcd_ex_st7796_reginit                    0x0800973d   Thumb Code   454  lcd.o(i.lcd_ex_st7796_reginit)
    lcd_init                                 0x08009905   Thumb Code  1286  lcd.o(i.lcd_init)
    lcd_scan_dir                             0x08009e3d   Thumb Code   568  lcd.o(i.lcd_scan_dir)
    lcd_set_cursor                           0x0800a079   Thumb Code   282  lcd.o(i.lcd_set_cursor)
    lcd_show_char                            0x0800a199   Thumb Code   294  lcd.o(i.lcd_show_char)
    lcd_show_string                          0x0800a2d9   Thumb Code   106  lcd.o(i.lcd_show_string)
    lcd_ssd_backlight_set                    0x0800a345   Thumb Code    88  lcd.o(i.lcd_ssd_backlight_set)
    lcd_wr_data                              0x0800a3a5   Thumb Code    18  lcd.o(i.lcd_wr_data)
    lcd_wr_regno                             0x0800a3bd   Thumb Code    18  lcd.o(i.lcd_wr_regno)
    lcd_write_ram_prepare                    0x0800a3d5   Thumb Code    10  lcd.o(i.lcd_write_ram_prepare)
    lcd_write_reg                            0x0800a3e9   Thumb Code    14  lcd.o(i.lcd_write_reg)
    led_init                                 0x0800a3fd   Thumb Code   142  led.o(i.led_init)
    main                                     0x0800a495   Thumb Code    58  main.o(i.main)
    show_mesg                                0x0800a5e5   Thumb Code   124  main.o(i.show_mesg)
    sys_stm32_clock_init                     0x0800a751   Thumb Code   192  sys.o(i.sys_stm32_clock_init)
    usart_init                               0x0800a81d   Thumb Code    44  usart.o(i.usart_init)
    __aeabi_d2uiz                            0x0800a87d   Thumb Code     0  dfixu.o(x$fpl$dfixu)
    _dfixu                                   0x0800a87d   Thumb Code    90  dfixu.o(x$fpl$dfixu)
    __aeabi_ui2d                             0x0800a8d7   Thumb Code     0  dflt_clz.o(x$fpl$dfltu)
    _dfltu                                   0x0800a8d7   Thumb Code    38  dflt_clz.o(x$fpl$dfltu)
    __aeabi_dmul                             0x0800a8fd   Thumb Code     0  dmul.o(x$fpl$dmul)
    _dmul                                    0x0800a8fd   Thumb Code   332  dmul.o(x$fpl$dmul)
    __fpl_dnaninf                            0x0800aa51   Thumb Code   156  dnaninf.o(x$fpl$dnaninf)
    __fpl_dretinf                            0x0800aaed   Thumb Code    12  dretinf.o(x$fpl$dretinf)
    _fp_init                                 0x0800aaf9   Thumb Code    10  fpinit.o(x$fpl$fpinit)
    __fplib_config_fpu_vfp                   0x0800ab01   Thumb Code     0  fpinit.o(x$fpl$fpinit)
    __fplib_config_pureend_doubles           0x0800ab01   Thumb Code     0  fpinit.o(x$fpl$fpinit)
    AHBPrescTable                            0x0800ab02   Data          16  system_stm32f4xx.o(.constdata)
    __I$use$fp                               0x0800ab02   Number         0  usenofp.o(x$fpl$usenofp)
    APBPrescTable                            0x0800ab12   Data           8  system_stm32f4xx.o(.constdata)
    asc2_1206                                0x0800ab22   Data        1140  lcd.o(.constdata)
    asc2_1608                                0x0800af96   Data        1520  lcd.o(.constdata)
    asc2_2412                                0x0800b586   Data        3420  lcd.o(.constdata)
    asc2_3216                                0x0800c2e2   Data        6080  lcd.o(.constdata)
    atk_mc5640_init_cfg                      0x0800daa2   Data         828  atk_mc5640.o(.constdata)
    atk_mc5640_rgb565_cfg                    0x0800ddde   Data         180  atk_mc5640.o(.constdata)
    atk_mc5640_jpeg_cfg                      0x0800de92   Data         164  atk_mc5640.o(.constdata)
    atk_mc5640_auto_focus_firmware           0x0800df36   Data        4077  atk_mc5640.o(.constdata)
    Region$$Table$$Base                      0x0800ef4c   Number         0  anon$$obj.o(Region$$Table)
    Region$$Table$$Limit                     0x0800ef6c   Number         0  anon$$obj.o(Region$$Table)
    SystemCoreClock                          0x20000000   Data           4  system_stm32f4xx.o(.data)
    __stdout                                 0x2000000c   Data           4  usart.o(.data)
    g_usart_rx_sta                           0x20000010   Data           2  usart.o(.data)
    g_rx_buffer                              0x20000012   Data           1  usart.o(.data)
    uwTick                                   0x20000014   Data           4  stm32f4xx_hal.o(.data)
    uwTickPrio                               0x20000018   Data           4  stm32f4xx_hal.o(.data)
    uwTickFreq                               0x2000001c   Data           1  stm32f4xx_hal.o(.data)
    g_point_color                            0x20000020   Data           4  lcd.o(.data)
    g_back_color                             0x20000024   Data           4  lcd.o(.data)
    g_usart_rx_buf                           0x2000a4a8   Data         200  usart.o(.bss)
    g_uart1_handle                           0x2000a570   Data          68  usart.o(.bss)
    g_sram_handle                            0x2000a5b4   Data          80  lcd.o(.bss)
    lcddev                                   0x2000a604   Data          14  lcd.o(.bss)
    __libspace_start                         0x2000a950   Data          96  libspace.o(.bss)
    __temporary_stack_top$libspace           0x2000a9b0   Data           0  libspace.o(.bss)



==============================================================================

Memory Map of the image

  Image Entry point : 0x08000189

  Load Region LR_IROM1 (Base: 0x08000000, Size: 0x0000ef98, Max: 0x00100000, ABSOLUTE)

    Execution Region ER_IROM1 (Exec base: 0x08000000, Load base: 0x08000000, Size: 0x0000ef6c, Max: 0x00100000, ABSOLUTE)

    Exec Addr    Load Addr    Size         Type   Attr      Idx    E Section Name        Object

    0x08000000   0x08000000   0x00000188   Data   RO            3    RESET               startup_stm32f407xx.o
    0x08000188   0x08000188   0x00000008   Code   RO         5336  * !!!main             c_w.l(__main.o)
    0x08000190   0x08000190   0x00000034   Code   RO         5528    !!!scatter          c_w.l(__scatter.o)
    0x080001c4   0x080001c4   0x0000001a   Code   RO         5530    !!handler_copy      c_w.l(__scatter_copy.o)
    0x080001de   0x080001de   0x00000002   PAD
    0x080001e0   0x080001e0   0x0000001c   Code   RO         5532    !!handler_zi        c_w.l(__scatter_zi.o)
    0x080001fc   0x080001fc   0x00000000   Code   RO         5327    .ARM.Collect$$_printf_percent$$00000000  c_w.l(_printf_percent.o)
    0x080001fc   0x080001fc   0x00000006   Code   RO         5325    .ARM.Collect$$_printf_percent$$00000009  c_w.l(_printf_d.o)
    0x08000202   0x08000202   0x00000006   Code   RO         5326    .ARM.Collect$$_printf_percent$$0000000A  c_w.l(_printf_u.o)
    0x08000208   0x08000208   0x00000006   Code   RO         5324    .ARM.Collect$$_printf_percent$$0000000C  c_w.l(_printf_x.o)
    0x0800020e   0x0800020e   0x00000004   Code   RO         5361    .ARM.Collect$$_printf_percent$$00000017  c_w.l(_printf_percent_end.o)
    0x08000212   0x08000212   0x00000002   Code   RO         5405    .ARM.Collect$$libinit$$00000000  c_w.l(libinit.o)
    0x08000214   0x08000214   0x00000004   Code   RO         5417    .ARM.Collect$$libinit$$00000001  c_w.l(libinit2.o)
    0x08000218   0x08000218   0x00000000   Code   RO         5420    .ARM.Collect$$libinit$$00000004  c_w.l(libinit2.o)
    0x08000218   0x08000218   0x00000000   Code   RO         5423    .ARM.Collect$$libinit$$0000000A  c_w.l(libinit2.o)
    0x08000218   0x08000218   0x00000000   Code   RO         5425    .ARM.Collect$$libinit$$0000000C  c_w.l(libinit2.o)
    0x08000218   0x08000218   0x00000000   Code   RO         5427    .ARM.Collect$$libinit$$0000000E  c_w.l(libinit2.o)
    0x08000218   0x08000218   0x00000000   Code   RO         5430    .ARM.Collect$$libinit$$00000011  c_w.l(libinit2.o)
    0x08000218   0x08000218   0x00000000   Code   RO         5432    .ARM.Collect$$libinit$$00000013  c_w.l(libinit2.o)
    0x08000218   0x08000218   0x00000000   Code   RO         5434    .ARM.Collect$$libinit$$00000015  c_w.l(libinit2.o)
    0x08000218   0x08000218   0x00000000   Code   RO         5436    .ARM.Collect$$libinit$$00000017  c_w.l(libinit2.o)
    0x08000218   0x08000218   0x00000000   Code   RO         5438    .ARM.Collect$$libinit$$00000019  c_w.l(libinit2.o)
    0x08000218   0x08000218   0x00000000   Code   RO         5440    .ARM.Collect$$libinit$$0000001B  c_w.l(libinit2.o)
    0x08000218   0x08000218   0x00000000   Code   RO         5442    .ARM.Collect$$libinit$$0000001D  c_w.l(libinit2.o)
    0x08000218   0x08000218   0x00000000   Code   RO         5444    .ARM.Collect$$libinit$$0000001F  c_w.l(libinit2.o)
    0x08000218   0x08000218   0x00000000   Code   RO         5446    .ARM.Collect$$libinit$$00000021  c_w.l(libinit2.o)
    0x08000218   0x08000218   0x00000000   Code   RO         5448    .ARM.Collect$$libinit$$00000023  c_w.l(libinit2.o)
    0x08000218   0x08000218   0x00000000   Code   RO         5450    .ARM.Collect$$libinit$$00000025  c_w.l(libinit2.o)
    0x08000218   0x08000218   0x00000000   Code   RO         5454    .ARM.Collect$$libinit$$0000002C  c_w.l(libinit2.o)
    0x08000218   0x08000218   0x00000000   Code   RO         5456    .ARM.Collect$$libinit$$0000002E  c_w.l(libinit2.o)
    0x08000218   0x08000218   0x00000000   Code   RO         5458    .ARM.Collect$$libinit$$00000030  c_w.l(libinit2.o)
    0x08000218   0x08000218   0x00000000   Code   RO         5460    .ARM.Collect$$libinit$$00000032  c_w.l(libinit2.o)
    0x08000218   0x08000218   0x00000002   Code   RO         5461    .ARM.Collect$$libinit$$00000033  c_w.l(libinit2.o)
    0x0800021a   0x0800021a   0x00000002   Code   RO         5485    .ARM.Collect$$libshutdown$$00000000  c_w.l(libshutdown.o)
    0x0800021c   0x0800021c   0x00000000   Code   RO         5509    .ARM.Collect$$libshutdown$$00000002  c_w.l(libshutdown2.o)
    0x0800021c   0x0800021c   0x00000000   Code   RO         5511    .ARM.Collect$$libshutdown$$00000004  c_w.l(libshutdown2.o)
    0x0800021c   0x0800021c   0x00000000   Code   RO         5513    .ARM.Collect$$libshutdown$$00000006  c_w.l(libshutdown2.o)
    0x0800021c   0x0800021c   0x00000000   Code   RO         5516    .ARM.Collect$$libshutdown$$00000009  c_w.l(libshutdown2.o)
    0x0800021c   0x0800021c   0x00000000   Code   RO         5519    .ARM.Collect$$libshutdown$$0000000C  c_w.l(libshutdown2.o)
    0x0800021c   0x0800021c   0x00000000   Code   RO         5521    .ARM.Collect$$libshutdown$$0000000E  c_w.l(libshutdown2.o)
    0x0800021c   0x0800021c   0x00000000   Code   RO         5524    .ARM.Collect$$libshutdown$$00000011  c_w.l(libshutdown2.o)
    0x0800021c   0x0800021c   0x00000002   Code   RO         5525    .ARM.Collect$$libshutdown$$00000012  c_w.l(libshutdown2.o)
    0x0800021e   0x0800021e   0x00000000   Code   RO         5352    .ARM.Collect$$rtentry$$00000000  c_w.l(__rtentry.o)
    0x0800021e   0x0800021e   0x00000000   Code   RO         5368    .ARM.Collect$$rtentry$$00000002  c_w.l(__rtentry2.o)
    0x0800021e   0x0800021e   0x00000006   Code   RO         5380    .ARM.Collect$$rtentry$$00000004  c_w.l(__rtentry4.o)
    0x08000224   0x08000224   0x00000000   Code   RO         5370    .ARM.Collect$$rtentry$$00000009  c_w.l(__rtentry2.o)
    0x08000224   0x08000224   0x00000004   Code   RO         5371    .ARM.Collect$$rtentry$$0000000A  c_w.l(__rtentry2.o)
    0x08000228   0x08000228   0x00000000   Code   RO         5373    .ARM.Collect$$rtentry$$0000000C  c_w.l(__rtentry2.o)
    0x08000228   0x08000228   0x00000008   Code   RO         5374    .ARM.Collect$$rtentry$$0000000D  c_w.l(__rtentry2.o)
    0x08000230   0x08000230   0x00000002   Code   RO         5409    .ARM.Collect$$rtexit$$00000000  c_w.l(rtexit.o)
    0x08000232   0x08000232   0x00000000   Code   RO         5463    .ARM.Collect$$rtexit$$00000002  c_w.l(rtexit2.o)
    0x08000232   0x08000232   0x00000004   Code   RO         5464    .ARM.Collect$$rtexit$$00000003  c_w.l(rtexit2.o)
    0x08000236   0x08000236   0x00000006   Code   RO         5465    .ARM.Collect$$rtexit$$00000004  c_w.l(rtexit2.o)
    0x0800023c   0x0800023c   0x0000004c   Code   RO            4    .text               startup_stm32f407xx.o
    0x08000288   0x08000288   0x00000002   Code   RO         5271    .text               c_w.l(use_no_semi_2.o)
    0x0800028a   0x0800028a   0x000000ee   Code   RO         5273    .text               c_w.l(lludivv7m.o)
    0x08000378   0x08000378   0x00000018   Code   RO         5277    .text               c_w.l(noretval__2printf.o)
    0x08000390   0x08000390   0x00000068   Code   RO         5279    .text               c_w.l(__printf.o)
    0x080003f8   0x080003f8   0x00000078   Code   RO         5281    .text               c_w.l(_printf_dec.o)
    0x08000470   0x08000470   0x00000058   Code   RO         5286    .text               c_w.l(_printf_hex_int.o)
    0x080004c8   0x080004c8   0x0000008a   Code   RO         5328    .text               c_w.l(rt_memcpy_v6.o)
    0x08000552   0x08000552   0x00000064   Code   RO         5330    .text               c_w.l(rt_memcpy_w.o)
    0x080005b6   0x080005b6   0x0000004e   Code   RO         5332    .text               c_w.l(rt_memclr_w.o)
    0x08000604   0x08000604   0x00000006   Code   RO         5334    .text               c_w.l(heapauxi.o)
    0x0800060a   0x0800060a   0x00000002   Code   RO         5350    .text               c_w.l(use_no_semi.o)
    0x0800060c   0x0800060c   0x000000b2   Code   RO         5357    .text               c_w.l(_printf_intcommon.o)
    0x080006be   0x080006be   0x00000002   PAD
    0x080006c0   0x080006c0   0x00000024   Code   RO         5359    .text               c_w.l(_printf_char_file.o)
    0x080006e4   0x080006e4   0x00000030   Code   RO         5384    .text               c_w.l(_printf_char_common.o)
    0x08000714   0x08000714   0x00000008   Code   RO         5386    .text               c_w.l(ferror.o)
    0x0800071c   0x0800071c   0x0000004a   Code   RO         5390    .text               c_w.l(sys_stackheap_outer.o)
    0x08000766   0x08000766   0x00000012   Code   RO         5394    .text               c_w.l(exit.o)
    0x08000778   0x08000778   0x00000008   Code   RO         5406    .text               c_w.l(libspace.o)
    0x08000780   0x08000780   0x00000004   Code   RO          272    i.BusFault_Handler  stm32f4xx_it.o
    0x08000784   0x08000784   0x0000001c   Code   RO         3607    i.DCMI_DMAError     stm32f4xx_hal_dcmi.o
    0x080007a0   0x080007a0   0x000000c6   Code   RO         3608    i.DCMI_DMAXferCplt  stm32f4xx_hal_dcmi.o
    0x08000866   0x08000866   0x00000002   PAD
    0x08000868   0x08000868   0x00000010   Code   RO         4643    i.DCMI_IRQHandler   atk_mc5640_dcmi.o
    0x08000878   0x08000878   0x00000010   Code   RO         4644    i.DMA2_Stream1_IRQHandler  atk_mc5640_dcmi.o
    0x08000888   0x08000888   0x00000034   Code   RO         3278    i.DMA_CalcBaseAndBitshift  stm32f4xx_hal_dma.o
    0x080008bc   0x080008bc   0x000000aa   Code   RO         3279    i.DMA_CheckFifoParam  stm32f4xx_hal_dma.o
    0x08000966   0x08000966   0x00000020   Code   RO         2007    i.DMA_MultiBufferSetConfig  stm32f4xx_hal_dma_ex.o
    0x08000986   0x08000986   0x0000002c   Code   RO         3280    i.DMA_SetConfig     stm32f4xx_hal_dma.o
    0x080009b2   0x080009b2   0x00000002   Code   RO          273    i.DebugMon_Handler  stm32f4xx_it.o
    0x080009b4   0x080009b4   0x00000048   Code   RO         3160    i.FSMC_NORSRAM_Extended_Timing_Init  stm32f4xx_ll_fsmc.o
    0x080009fc   0x080009fc   0x0000005c   Code   RO         3161    i.FSMC_NORSRAM_Init  stm32f4xx_ll_fsmc.o
    0x08000a58   0x08000a58   0x00000044   Code   RO         3162    i.FSMC_NORSRAM_Timing_Init  stm32f4xx_ll_fsmc.o
    0x08000a9c   0x08000a9c   0x00000002   Code   RO         3614    i.HAL_DCMI_ErrorCallback  stm32f4xx_hal_dcmi.o
    0x08000a9e   0x08000a9e   0x00000002   PAD
    0x08000aa0   0x08000aa0   0x00000014   Code   RO         4645    i.HAL_DCMI_FrameEventCallback  atk_mc5640_dcmi.o
    0x08000ab4   0x08000ab4   0x000000b0   Code   RO         3618    i.HAL_DCMI_IRQHandler  stm32f4xx_hal_dcmi.o
    0x08000b64   0x08000b64   0x00000092   Code   RO         3749    i.HAL_DCMI_Init     stm32f4xx_hal_dcmi_ex.o
    0x08000bf6   0x08000bf6   0x00000002   Code   RO         3620    i.HAL_DCMI_LineEventCallback  stm32f4xx_hal_dcmi.o
    0x08000bf8   0x08000bf8   0x00000398   Code   RO         4646    i.HAL_DCMI_MspInit  atk_mc5640_dcmi.o
    0x08000f90   0x08000f90   0x000000ec   Code   RO         3624    i.HAL_DCMI_Start_DMA  stm32f4xx_hal_dcmi.o
    0x0800107c   0x0800107c   0x0000008c   Code   RO         3625    i.HAL_DCMI_Stop     stm32f4xx_hal_dcmi.o
    0x08001108   0x08001108   0x00000002   Code   RO         3627    i.HAL_DCMI_VsyncEventCallback  stm32f4xx_hal_dcmi.o
    0x0800110a   0x0800110a   0x00000012   Code   RO         2008    i.HAL_DMAEx_ChangeMemory  stm32f4xx_hal_dma_ex.o
    0x0800111c   0x0800111c   0x00000fd8   Code   RO         2010    i.HAL_DMAEx_MultiBufferStart_IT  stm32f4xx_hal_dma_ex.o
    0x080020f4   0x080020f4   0x000000aa   Code   RO         3281    i.HAL_DMA_Abort     stm32f4xx_hal_dma.o
    0x0800219e   0x0800219e   0x00000028   Code   RO         3282    i.HAL_DMA_Abort_IT  stm32f4xx_hal_dma.o
    0x080021c6   0x080021c6   0x00000002   PAD
    0x080021c8   0x080021c8   0x00000240   Code   RO         3286    i.HAL_DMA_IRQHandler  stm32f4xx_hal_dma.o
    0x08002408   0x08002408   0x000000ec   Code   RO         3287    i.HAL_DMA_Init      stm32f4xx_hal_dma.o
    0x080024f4   0x080024f4   0x00000092   Code   RO         3291    i.HAL_DMA_Start_IT  stm32f4xx_hal_dma.o
    0x08002586   0x08002586   0x00000002   PAD
    0x08002588   0x08002588   0x00000204   Code   RO          981    i.HAL_GPIO_Init     stm32f4xx_hal_gpio.o
    0x0800278c   0x0800278c   0x00000010   Code   RO          983    i.HAL_GPIO_ReadPin  stm32f4xx_hal_gpio.o
    0x0800279c   0x0800279c   0x00000014   Code   RO          984    i.HAL_GPIO_TogglePin  stm32f4xx_hal_gpio.o
    0x080027b0   0x080027b0   0x0000000c   Code   RO          985    i.HAL_GPIO_WritePin  stm32f4xx_hal_gpio.o
    0x080027bc   0x080027bc   0x0000000c   Code   RO          664    i.HAL_GetREVID      stm32f4xx_hal.o
    0x080027c8   0x080027c8   0x0000000c   Code   RO          665    i.HAL_GetTick       stm32f4xx_hal.o
    0x080027d4   0x080027d4   0x00000018   Code   RO          671    i.HAL_IncTick       stm32f4xx_hal.o
    0x080027ec   0x080027ec   0x00000030   Code   RO          672    i.HAL_Init          stm32f4xx_hal.o
    0x0800281c   0x0800281c   0x0000004c   Code   RO          673    i.HAL_InitTick      stm32f4xx_hal.o
    0x08002868   0x08002868   0x00000002   Code   RO          675    i.HAL_MspInit       stm32f4xx_hal.o
    0x0800286a   0x0800286a   0x00000020   Code   RO          843    i.HAL_NVIC_EnableIRQ  stm32f4xx_hal_cortex.o
    0x0800288a   0x0800288a   0x0000007c   Code   RO          849    i.HAL_NVIC_SetPriority  stm32f4xx_hal_cortex.o
    0x08002906   0x08002906   0x00000002   PAD
    0x08002908   0x08002908   0x00000028   Code   RO          850    i.HAL_NVIC_SetPriorityGrouping  stm32f4xx_hal_cortex.o
    0x08002930   0x08002930   0x00000184   Code   RO         1045    i.HAL_RCC_ClockConfig  stm32f4xx_hal_rcc.o
    0x08002ab4   0x08002ab4   0x0000000c   Code   RO         1050    i.HAL_RCC_GetHCLKFreq  stm32f4xx_hal_rcc.o
    0x08002ac0   0x08002ac0   0x00000020   Code   RO         1052    i.HAL_RCC_GetPCLK1Freq  stm32f4xx_hal_rcc.o
    0x08002ae0   0x08002ae0   0x00000020   Code   RO         1053    i.HAL_RCC_GetPCLK2Freq  stm32f4xx_hal_rcc.o
    0x08002b00   0x08002b00   0x000000b0   Code   RO         1054    i.HAL_RCC_GetSysClockFreq  stm32f4xx_hal_rcc.o
    0x08002bb0   0x08002bb0   0x0000049c   Code   RO         1057    i.HAL_RCC_OscConfig  stm32f4xx_hal_rcc.o
    0x0800304c   0x0800304c   0x000000de   Code   RO         3784    i.HAL_SPI_Init      stm32f4xx_hal_spi.o
    0x0800312a   0x0800312a   0x00000002   Code   RO         3786    i.HAL_SPI_MspInit   stm32f4xx_hal_spi.o
    0x0800312c   0x0800312c   0x000002d2   Code   RO         3793    i.HAL_SPI_TransmitReceive  stm32f4xx_hal_spi.o
    0x080033fe   0x080033fe   0x00000058   Code   RO         3036    i.HAL_SRAM_Init     stm32f4xx_hal_sram.o
    0x08003456   0x08003456   0x00000002   PAD
    0x08003458   0x08003458   0x000000a4   Code   RO         4170    i.HAL_SRAM_MspInit  lcd.o
    0x080034fc   0x080034fc   0x00000028   Code   RO          852    i.HAL_SYSTICK_CLKSourceConfig  stm32f4xx_hal_cortex.o
    0x08003524   0x08003524   0x00000034   Code   RO          854    i.HAL_SYSTICK_Config  stm32f4xx_hal_cortex.o
    0x08003558   0x08003558   0x00000002   Code   RO         1651    i.HAL_UARTEx_RxEventCallback  stm32f4xx_hal_uart.o
    0x0800355a   0x0800355a   0x00000002   Code   RO         1665    i.HAL_UART_ErrorCallback  stm32f4xx_hal_uart.o
    0x0800355c   0x0800355c   0x00000014   Code   RO         1667    i.HAL_UART_GetState  stm32f4xx_hal_uart.o
    0x08003570   0x08003570   0x00000250   Code   RO         1668    i.HAL_UART_IRQHandler  stm32f4xx_hal_uart.o
    0x080037c0   0x080037c0   0x00000072   Code   RO         1669    i.HAL_UART_Init     stm32f4xx_hal_uart.o
    0x08003832   0x08003832   0x00000002   PAD
    0x08003834   0x08003834   0x000000cc   Code   RO          575    i.HAL_UART_MspInit  usart.o
    0x08003900   0x08003900   0x00000042   Code   RO         1674    i.HAL_UART_Receive_IT  stm32f4xx_hal_uart.o
    0x08003942   0x08003942   0x00000002   PAD
    0x08003944   0x08003944   0x00000088   Code   RO          576    i.HAL_UART_RxCpltCallback  usart.o
    0x080039cc   0x080039cc   0x00000002   Code   RO         1680    i.HAL_UART_TxCpltCallback  stm32f4xx_hal_uart.o
    0x080039ce   0x080039ce   0x00000004   Code   RO          274    i.HardFault_Handler  stm32f4xx_it.o
    0x080039d2   0x080039d2   0x00000004   Code   RO          275    i.MemManage_Handler  stm32f4xx_it.o
    0x080039d6   0x080039d6   0x00000002   Code   RO          276    i.NMI_Handler       stm32f4xx_it.o
    0x080039d8   0x080039d8   0x00000002   Code   RO          277    i.PendSV_Handler    stm32f4xx_it.o
    0x080039da   0x080039da   0x00000002   PAD
    0x080039dc   0x080039dc   0x0000006c   Code   RO         3824    i.SPI_EndRxTxTransaction  stm32f4xx_hal_spi.o
    0x08003a48   0x08003a48   0x000000d8   Code   RO         3831    i.SPI_WaitFlagStateUntilTimeout  stm32f4xx_hal_spi.o
    0x08003b20   0x08003b20   0x00000002   Code   RO          278    i.SVC_Handler       stm32f4xx_it.o
    0x08003b22   0x08003b22   0x00000008   Code   RO          279    i.SysTick_Handler   stm32f4xx_it.o
    0x08003b2a   0x08003b2a   0x00000002   PAD
    0x08003b2c   0x08003b2c   0x00000014   Code   RO          348    i.SystemInit        system_stm32f4xx.o
    0x08003b40   0x08003b40   0x00000014   Code   RO         1682    i.UART_DMAAbortOnError  stm32f4xx_hal_uart.o
    0x08003b54   0x08003b54   0x00000036   Code   RO         1692    i.UART_EndRxTransfer  stm32f4xx_hal_uart.o
    0x08003b8a   0x08003b8a   0x00000020   Code   RO         1693    i.UART_EndTransmit_IT  stm32f4xx_hal_uart.o
    0x08003baa   0x08003baa   0x000000be   Code   RO         1695    i.UART_Receive_IT   stm32f4xx_hal_uart.o
    0x08003c68   0x08003c68   0x0000022c   Code   RO         1696    i.UART_SetConfig    stm32f4xx_hal_uart.o
    0x08003e94   0x08003e94   0x00000046   Code   RO         1698    i.UART_Start_Receive_IT  stm32f4xx_hal_uart.o
    0x08003eda   0x08003eda   0x00000060   Code   RO         1699    i.UART_Transmit_IT  stm32f4xx_hal_uart.o
    0x08003f3a   0x08003f3a   0x00000002   PAD
    0x08003f3c   0x08003f3c   0x00000050   Code   RO          577    i.USART1_IRQHandler  usart.o
    0x08003f8c   0x08003f8c   0x00000004   Code   RO          280    i.UsageFault_Handler  stm32f4xx_it.o
    0x08003f90   0x08003f90   0x00000010   Code   RO          856    i.__NVIC_GetPriorityGrouping  stm32f4xx_hal_cortex.o
    0x08003fa0   0x08003fa0   0x00000028   Code   RO          857    i.__NVIC_SetPriority  stm32f4xx_hal_cortex.o
    0x08003fc8   0x08003fc8   0x00000004   Code   RO          579    i._sys_exit         usart.o
    0x08003fcc   0x08003fcc   0x00000082   Code   RO         4431    i.atk_mc5640_auto_focus_continuance  atk_mc5640.o
    0x0800404e   0x0800404e   0x00000002   PAD
    0x08004050   0x08004050   0x000000c0   Code   RO         4432    i.atk_mc5640_auto_focus_init  atk_mc5640.o
    0x08004110   0x08004110   0x0000002c   Code   RO         4647    i.atk_mc5640_dcmi_init  atk_mc5640_dcmi.o
    0x0800413c   0x0800413c   0x0000005c   Code   RO         4648    i.atk_mc5640_dcmi_start  atk_mc5640_dcmi.o
    0x08004198   0x08004198   0x00000048   Code   RO         4434    i.atk_mc5640_exit_power_down  atk_mc5640.o
    0x080041e0   0x080041e0   0x0000001a   Code   RO         4435    i.atk_mc5640_get_chip_id  atk_mc5640.o
    0x080041fa   0x080041fa   0x00000002   PAD
    0x080041fc   0x080041fc   0x000000b4   Code   RO         4436    i.atk_mc5640_get_frame  atk_mc5640.o
    0x080042b0   0x080042b0   0x000000a0   Code   RO         4437    i.atk_mc5640_get_isp_input_size  atk_mc5640.o
    0x08004350   0x08004350   0x00000054   Code   RO         4438    i.atk_mc5640_get_output_size  atk_mc5640.o
    0x080043a4   0x080043a4   0x00000068   Code   RO         4439    i.atk_mc5640_get_pre_scaling_size  atk_mc5640.o
    0x0800440c   0x0800440c   0x000000ac   Code   RO         4440    i.atk_mc5640_hw_init  atk_mc5640.o
    0x080044b8   0x080044b8   0x00000034   Code   RO         4441    i.atk_mc5640_hw_reset  atk_mc5640.o
    0x080044ec   0x080044ec   0x00000034   Code   RO         4442    i.atk_mc5640_init   atk_mc5640.o
    0x08004520   0x08004520   0x00000024   Code   RO         4443    i.atk_mc5640_init_reg  atk_mc5640.o
    0x08004544   0x08004544   0x0000001e   Code   RO         4446    i.atk_mc5640_read_reg  atk_mc5640.o
    0x08004562   0x08004562   0x00000022   Code   RO         4699    i.atk_mc5640_sccb_2_phase_read  atk_mc5640_sccb.o
    0x08004584   0x08004584   0x00000028   Code   RO         4700    i.atk_mc5640_sccb_2_phase_write  atk_mc5640_sccb.o
    0x080045ac   0x080045ac   0x00000030   Code   RO         4701    i.atk_mc5640_sccb_3_phase_write  atk_mc5640_sccb.o
    0x080045dc   0x080045dc   0x0000000a   Code   RO         4702    i.atk_mc5640_sccb_delay  atk_mc5640_sccb.o
    0x080045e6   0x080045e6   0x00000002   PAD
    0x080045e8   0x080045e8   0x00000090   Code   RO         4703    i.atk_mc5640_sccb_init  atk_mc5640_sccb.o
    0x08004678   0x08004678   0x00000090   Code   RO         4704    i.atk_mc5640_sccb_read_byte  atk_mc5640_sccb.o
    0x08004708   0x08004708   0x0000002c   Code   RO         4705    i.atk_mc5640_sccb_set_sda_input  atk_mc5640_sccb.o
    0x08004734   0x08004734   0x0000002c   Code   RO         4706    i.atk_mc5640_sccb_set_sda_output  atk_mc5640_sccb.o
    0x08004760   0x08004760   0x00000048   Code   RO         4707    i.atk_mc5640_sccb_start  atk_mc5640_sccb.o
    0x080047a8   0x080047a8   0x00000040   Code   RO         4708    i.atk_mc5640_sccb_stop  atk_mc5640_sccb.o
    0x080047e8   0x080047e8   0x00000090   Code   RO         4709    i.atk_mc5640_sccb_write_byte  atk_mc5640_sccb.o
    0x08004878   0x08004878   0x0000019c   Code   RO         4447    i.atk_mc5640_set_brightness  atk_mc5640.o
    0x08004a14   0x08004a14   0x000001f6   Code   RO         4448    i.atk_mc5640_set_color_saturation  atk_mc5640.o
    0x08004c0a   0x08004c0a   0x000001f6   Code   RO         4449    i.atk_mc5640_set_contrast  atk_mc5640.o
    0x08004e00   0x08004e00   0x000002d8   Code   RO         4450    i.atk_mc5640_set_exposure_level  atk_mc5640.o
    0x080050d8   0x080050d8   0x0000029a   Code   RO         4451    i.atk_mc5640_set_hue  atk_mc5640.o
    0x08005372   0x08005372   0x00000252   Code   RO         4453    i.atk_mc5640_set_light_mode  atk_mc5640.o
    0x080055c4   0x080055c4   0x00000100   Code   RO         4454    i.atk_mc5640_set_mirror_flip  atk_mc5640.o
    0x080056c4   0x080056c4   0x0000005c   Code   RO         4455    i.atk_mc5640_set_output_format  atk_mc5640.o
    0x08005720   0x08005720   0x00000088   Code   RO         4456    i.atk_mc5640_set_output_size  atk_mc5640.o
    0x080057a8   0x080057a8   0x00000066   Code   RO         4457    i.atk_mc5640_set_pre_scaling_window  atk_mc5640.o
    0x0800580e   0x0800580e   0x00000146   Code   RO         4458    i.atk_mc5640_set_sharpness_level  atk_mc5640.o
    0x08005954   0x08005954   0x0000011e   Code   RO         4459    i.atk_mc5640_set_special_effect  atk_mc5640.o
    0x08005a72   0x08005a72   0x0000005c   Code   RO         4460    i.atk_mc5640_set_test_pattern  atk_mc5640.o
    0x08005ace   0x08005ace   0x0000002c   Code   RO         4461    i.atk_mc5640_sw_reset  atk_mc5640.o
    0x08005afa   0x08005afa   0x00000012   Code   RO         4462    i.atk_mc5640_write_reg  atk_mc5640.o
    0x08005b0c   0x08005b0c   0x0000001e   Code   RO         4859    i.atk_mo395q_cmd_check_exist  atk_mo395q_cmd.o
    0x08005b2a   0x08005b2a   0x00000042   Code   RO         4861    i.atk_mo395q_cmd_close_socket_sn  atk_mo395q_cmd.o
    0x08005b6c   0x08005b6c   0x00000042   Code   RO         4862    i.atk_mo395q_cmd_dhcp_enable  atk_mo395q_cmd.o
    0x08005bae   0x08005bae   0x00000016   Code   RO         4867    i.atk_mo395q_cmd_get_cmd_status  atk_mo395q_cmd.o
    0x08005bc4   0x08005bc4   0x0000001c   Code   RO         4868    i.atk_mo395q_cmd_get_dhcp_status  atk_mo395q_cmd.o
    0x08005be0   0x08005be0   0x0000002a   Code   RO         4870    i.atk_mo395q_cmd_get_glob_int_status_all  atk_mo395q_cmd.o
    0x08005c0a   0x08005c0a   0x00000016   Code   RO         4871    i.atk_mo395q_cmd_get_ic_version  atk_mo395q_cmd.o
    0x08005c20   0x08005c20   0x00000024   Code   RO         4872    i.atk_mo395q_cmd_get_int_status_sn  atk_mo395q_cmd.o
    0x08005c44   0x08005c44   0x0000009e   Code   RO         4873    i.atk_mo395q_cmd_get_ip_inf  atk_mo395q_cmd.o
    0x08005ce2   0x08005ce2   0x00000016   Code   RO         4875    i.atk_mo395q_cmd_get_phy_status  atk_mo395q_cmd.o
    0x08005cf8   0x08005cf8   0x0000004a   Code   RO         4877    i.atk_mo395q_cmd_get_remot_ipp_sn  atk_mo395q_cmd.o
    0x08005d42   0x08005d42   0x0000003a   Code   RO         4880    i.atk_mo395q_cmd_init_ch395  atk_mo395q_cmd.o
    0x08005d7c   0x08005d7c   0x00000042   Code   RO         4881    i.atk_mo395q_cmd_open_socket_sn  atk_mo395q_cmd.o
    0x08005dbe   0x08005dbe   0x0000000e   Code   RO         4885    i.atk_mo395q_cmd_reset_all  atk_mo395q_cmd.o
    0x08005dcc   0x08005dcc   0x00000024   Code   RO         4887    i.atk_mo395q_cmd_set_des_port_sn  atk_mo395q_cmd.o
    0x08005df0   0x08005df0   0x00000022   Code   RO         4889    i.atk_mo395q_cmd_set_gwip_addr  atk_mo395q_cmd.o
    0x08005e12   0x08005e12   0x00000022   Code   RO         4890    i.atk_mo395q_cmd_set_ip_addr  atk_mo395q_cmd.o
    0x08005e34   0x08005e34   0x00000030   Code   RO         4891    i.atk_mo395q_cmd_set_ip_addr_sn  atk_mo395q_cmd.o
    0x08005e64   0x08005e64   0x00000016   Code   RO         4893    i.atk_mo395q_cmd_set_keep_live_cnt  atk_mo395q_cmd.o
    0x08005e7a   0x08005e7a   0x0000002c   Code   RO         4894    i.atk_mo395q_cmd_set_keep_live_idle  atk_mo395q_cmd.o
    0x08005ea6   0x08005ea6   0x0000002c   Code   RO         4895    i.atk_mo395q_cmd_set_keep_live_intvl  atk_mo395q_cmd.o
    0x08005ed2   0x08005ed2   0x0000001e   Code   RO         4896    i.atk_mo395q_cmd_set_keep_live_sn  atk_mo395q_cmd.o
    0x08005ef0   0x08005ef0   0x00000022   Code   RO         4899    i.atk_mo395q_cmd_set_mask_addr  atk_mo395q_cmd.o
    0x08005f12   0x08005f12   0x0000001e   Code   RO         4901    i.atk_mo395q_cmd_set_proto_type_sn  atk_mo395q_cmd.o
    0x08005f30   0x08005f30   0x00000024   Code   RO         4906    i.atk_mo395q_cmd_set_sour_port_sn  atk_mo395q_cmd.o
    0x08005f54   0x08005f54   0x0000001e   Code   RO         4908    i.atk_mo395q_cmd_set_ttl  atk_mo395q_cmd.o
    0x08005f72   0x08005f72   0x00000042   Code   RO         4909    i.atk_mo395q_cmd_tcp_connect_sn  atk_mo395q_cmd.o
    0x08005fb4   0x08005fb4   0x00000042   Code   RO         4911    i.atk_mo395q_cmd_tcp_listen_sn  atk_mo395q_cmd.o
    0x08005ff6   0x08005ff6   0x0000003c   Code   RO         4913    i.atk_mo395q_cmd_write_send_buf_sn  atk_mo395q_cmd.o
    0x08006032   0x08006032   0x00000002   PAD
    0x08006034   0x08006034   0x0000008c   Code   RO         4776    i.atk_mo395q_global_interrupt_handler  atk_mo395q.o
    0x080060c0   0x080060c0   0x00000350   Code   RO         4777    i.atk_mo395q_handler  atk_mo395q.o
    0x08006410   0x08006410   0x0000009c   Code   RO         4778    i.atk_mo395q_hw_init  atk_mo395q.o
    0x080064ac   0x080064ac   0x00000030   Code   RO         4779    i.atk_mo395q_hw_reset  atk_mo395q.o
    0x080064dc   0x080064dc   0x0000003a   Code   RO         4780    i.atk_mo395q_init   atk_mo395q.o
    0x08006516   0x08006516   0x0000001a   Code   RO         4781    i.atk_mo395q_keeplive_init  atk_mo395q.o
    0x08006530   0x08006530   0x0000005c   Code   RO         4782    i.atk_mo395q_net_config  atk_mo395q.o
    0x0800658c   0x0800658c   0x00000040   Code   RO         4783    i.atk_mo395q_parameter_init  atk_mo395q.o
    0x080065cc   0x080065cc   0x00000024   Code   RO         4784    i.atk_mo395q_socket_config  atk_mo395q.o
    0x080065f0   0x080065f0   0x00000118   Code   RO         4785    i.atk_mo395q_socket_interrupt_handler  atk_mo395q.o
    0x08006708   0x08006708   0x00000018   Code   RO         4914    i.atk_mo395q_spi_end_cmd  atk_mo395q_cmd.o
    0x08006720   0x08006720   0x00000148   Code   RO         5215    i.atk_mo395q_spi_gpio_init  atk_mo395q_spi.o
    0x08006868   0x08006868   0x00000044   Code   RO         5216    i.atk_mo395q_spi_init  atk_mo395q_spi.o
    0x080068ac   0x080068ac   0x0000000e   Code   RO         5217    i.atk_mo395q_spi_read_dat  atk_mo395q_spi.o
    0x080068ba   0x080068ba   0x00000002   PAD
    0x080068bc   0x080068bc   0x00000040   Code   RO         5218    i.atk_mo395q_spi_write_cmd  atk_mo395q_spi.o
    0x080068fc   0x080068fc   0x0000000c   Code   RO         5219    i.atk_mo395q_spi_write_dat  atk_mo395q_spi.o
    0x08006908   0x08006908   0x00000020   Code   RO         5220    i.atk_mo395q_spi_write_read_byte  atk_mo395q_spi.o
    0x08006928   0x08006928   0x0000000e   Code   RO         4786    i.atk_mo395q_sw_reset  atk_mo395q.o
    0x08006936   0x08006936   0x00000002   PAD
    0x08006938   0x08006938   0x00000014   Code   RO          459    i.delay_init        delay.o
    0x0800694c   0x0800694c   0x00000032   Code   RO          460    i.delay_ms          delay.o
    0x0800697e   0x0800697e   0x00000002   PAD
    0x08006980   0x08006980   0x00000048   Code   RO          461    i.delay_us          delay.o
    0x080069c8   0x080069c8   0x0000042c   Code   RO          384    i.demo_run          demo.o
    0x08006df4   0x08006df4   0x0000001c   Code   RO          581    i.fputc             usart.o
    0x08006e10   0x08006e10   0x000000fc   Code   RO         4139    i.key_init          key.o
    0x08006f0c   0x08006f0c   0x00000034   Code   RO         4171    i.lcd_clear         lcd.o
    0x08006f40   0x08006f40   0x0000016c   Code   RO         4173    i.lcd_display_dir   lcd.o
    0x080070ac   0x080070ac   0x00000020   Code   RO         4179    i.lcd_draw_point    lcd.o
    0x080070cc   0x080070cc   0x0000022c   Code   RO         4181    i.lcd_ex_ili9341_reginit  lcd.o
    0x080072f8   0x080072f8   0x00000340   Code   RO         4182    i.lcd_ex_ili9806_reginit  lcd.o
    0x08007638   0x08007638   0x00000ef2   Code   RO         4183    i.lcd_ex_nt35310_reginit  lcd.o
    0x0800852a   0x0800852a   0x00000efc   Code   RO         4184    i.lcd_ex_nt35510_reginit  lcd.o
    0x08009426   0x08009426   0x0000016e   Code   RO         4185    i.lcd_ex_ssd1963_reginit  lcd.o
    0x08009594   0x08009594   0x000001a8   Code   RO         4186    i.lcd_ex_st7789_reginit  lcd.o
    0x0800973c   0x0800973c   0x000001c6   Code   RO         4187    i.lcd_ex_st7796_reginit  lcd.o
    0x08009902   0x08009902   0x00000002   PAD
    0x08009904   0x08009904   0x00000514   Code   RO         4190    i.lcd_init          lcd.o
    0x08009e18   0x08009e18   0x0000000c   Code   RO         4191    i.lcd_opt_delay     lcd.o
    0x08009e24   0x08009e24   0x00000018   Code   RO         4193    i.lcd_rd_data       lcd.o
    0x08009e3c   0x08009e3c   0x0000023c   Code   RO         4195    i.lcd_scan_dir      lcd.o
    0x0800a078   0x0800a078   0x00000120   Code   RO         4196    i.lcd_set_cursor    lcd.o
    0x0800a198   0x0800a198   0x00000140   Code   RO         4198    i.lcd_show_char     lcd.o
    0x0800a2d8   0x0800a2d8   0x0000006a   Code   RO         4200    i.lcd_show_string   lcd.o
    0x0800a342   0x0800a342   0x00000002   PAD
    0x0800a344   0x0800a344   0x00000060   Code   RO         4202    i.lcd_ssd_backlight_set  lcd.o
    0x0800a3a4   0x0800a3a4   0x00000018   Code   RO         4203    i.lcd_wr_data       lcd.o
    0x0800a3bc   0x0800a3bc   0x00000018   Code   RO         4204    i.lcd_wr_regno      lcd.o
    0x0800a3d4   0x0800a3d4   0x00000014   Code   RO         4205    i.lcd_write_ram_prepare  lcd.o
    0x0800a3e8   0x0800a3e8   0x00000014   Code   RO         4206    i.lcd_write_reg     lcd.o
    0x0800a3fc   0x0800a3fc   0x00000098   Code   RO         4115    i.led_init          led.o
    0x0800a494   0x0800a494   0x0000003a   Code   RO           13    i.main              main.o
    0x0800a4ce   0x0800a4ce   0x00000020   Code   RO          385    i.net_pump          demo.o
    0x0800a4ee   0x0800a4ee   0x00000002   PAD
    0x0800a4f0   0x0800a4f0   0x00000034   Code   RO          386    i.phy_conn_cb       demo.o
    0x0800a524   0x0800a524   0x00000030   Code   RO          387    i.phy_disconn_cb    demo.o
    0x0800a554   0x0800a554   0x00000090   Code   RO          388    i.send_jpeg_udp     demo.o
    0x0800a5e4   0x0800a5e4   0x000000f0   Code   RO           14    i.show_mesg         main.o
    0x0800a6d4   0x0800a6d4   0x00000030   Code   RO          389    i.socket_close_cb   demo.o
    0x0800a704   0x0800a704   0x0000004c   Code   RO          390    i.socket_open_cb    demo.o
    0x0800a750   0x0800a750   0x000000cc   Code   RO          508    i.sys_stm32_clock_init  sys.o
    0x0800a81c   0x0800a81c   0x00000038   Code   RO          582    i.usart_init        usart.o
    0x0800a854   0x0800a854   0x00000028   Code   RO          391    i.vid_hdr_write     demo.o
    0x0800a87c   0x0800a87c   0x0000005a   Code   RO         5338    x$fpl$dfixu         fz_wm.l(dfixu.o)
    0x0800a8d6   0x0800a8d6   0x00000026   Code   RO         5342    x$fpl$dfltu         fz_wm.l(dflt_clz.o)
    0x0800a8fc   0x0800a8fc   0x00000154   Code   RO         5348    x$fpl$dmul          fz_wm.l(dmul.o)
    0x0800aa50   0x0800aa50   0x0000009c   Code   RO         5362    x$fpl$dnaninf       fz_wm.l(dnaninf.o)
    0x0800aaec   0x0800aaec   0x0000000c   Code   RO         5364    x$fpl$dretinf       fz_wm.l(dretinf.o)
    0x0800aaf8   0x0800aaf8   0x0000000a   Code   RO         5475    x$fpl$fpinit        fz_wm.l(fpinit.o)
    0x0800ab02   0x0800ab02   0x00000000   Code   RO         5366    x$fpl$usenofp       fz_wm.l(usenofp.o)
    0x0800ab02   0x0800ab02   0x00000018   Data   RO          349    .constdata          system_stm32f4xx.o
    0x0800ab1a   0x0800ab1a   0x00000008   Data   RO         3293    .constdata          stm32f4xx_hal_dma.o
    0x0800ab22   0x0800ab22   0x00002f80   Data   RO         4208    .constdata          lcd.o
    0x0800daa2   0x0800daa2   0x00001481   Data   RO         4464    .constdata          atk_mc5640.o
    0x0800ef23   0x0800ef23   0x00000028   Data   RO         5287    .constdata          c_w.l(_printf_hex_int.o)
    0x0800ef4b   0x0800ef4b   0x00000001   PAD
    0x0800ef4c   0x0800ef4c   0x00000020   Data   RO         5526    Region$$Table       anon$$obj.o


    Execution Region RW_IRAM1 (Exec base: 0x20000000, Load base: 0x0800ef6c, Size: 0x0000adb0, Max: 0x00020000, ABSOLUTE)

    Exec Addr    Load Addr    Size         Type   Attr      Idx    E Section Name        Object

    0x20000000   0x0800ef6c   0x00000004   Data   RW          350    .data               system_stm32f4xx.o
    0x20000004   0x0800ef70   0x00000001   Data   RW          393    .data               demo.o
    0x20000005   0x0800ef71   0x00000003   PAD
    0x20000008   0x0800ef74   0x00000004   Data   RW          462    .data               delay.o
    0x2000000c   0x0800ef78   0x00000007   Data   RW          584    .data               usart.o
    0x20000013   0x0800ef7f   0x00000001   PAD
    0x20000014   0x0800ef80   0x00000009   Data   RW          679    .data               stm32f4xx_hal.o
    0x2000001d   0x0800ef89   0x00000003   PAD
    0x20000020   0x0800ef8c   0x00000008   Data   RW         4209    .data               lcd.o
    0x20000028   0x0800ef94   0x00000003   Data   RW         4788    .data               atk_mo395q.o
    0x2000002b   0x0800ef97   0x00000001   PAD
    0x2000002c        -       0x0000a47c   Zero   RW          392    .bss                demo.o
    0x2000a4a8        -       0x0000010c   Zero   RW          583    .bss                usart.o
    0x2000a5b4        -       0x0000005e   Zero   RW         4207    .bss                lcd.o
    0x2000a612        -       0x0000000c   Zero   RW         4463    .bss                atk_mc5640.o
    0x2000a61e   0x0800ef97   0x00000002   PAD
    0x2000a620        -       0x000000a4   Zero   RW         4649    .bss                atk_mc5640_dcmi.o
    0x2000a6c4        -       0x00000234   Zero   RW         4787    .bss                atk_mo395q.o
    0x2000a8f8        -       0x00000058   Zero   RW         5221    .bss                atk_mo395q_spi.o
    0x2000a950        -       0x00000060   Zero   RW         5407    .bss                c_w.l(libspace.o)
    0x2000a9b0        -       0x00000000   Zero   RW            2    HEAP                startup_stm32f407xx.o
    0x2000a9b0        -       0x00000400   Zero   RW            1    STACK               startup_stm32f407xx.o


==============================================================================

Image component sizes


      Code (inc. data)   RO Data    RW Data    ZI Data      Debug   Object Name

      6046        142       5249          0         12      23558   atk_mc5640.o
      1108         60          0          0        164       5392   atk_mc5640_dcmi.o
       788         38          0          0          0       7746   atk_mc5640_sccb.o
      1762         58          0          3        564       9306   atk_mo395q.o
      1342          6          0          0          0      25803   atk_mo395q_cmd.o
       518         34          0          0         88       6482   atk_mo395q_spi.o
       142          8          0          4          0       2215   delay.o
      1508        550          0          1      42108      13379   demo.o
       252         12          0          0          0       1151   key.o
     13712        184      12160          8         94      25643   lcd.o
       152         10          0          0          0        999   led.o
       298        116          0          0          0     684687   main.o
        76         28        392          0       1024       1008   startup_stm32f407xx.o
       174         34          0          9          0      10138   stm32f4xx_hal.o
       344         22          0          0          0      35401   stm32f4xx_hal_cortex.o
       784         20          0          0          0       6379   stm32f4xx_hal_dcmi.o
       146          0          0          0          0       1180   stm32f4xx_hal_dcmi_ex.o
      1434         16          8          0          0       7378   stm32f4xx_hal_dma.o
      4106         34          0          0          0       5105   stm32f4xx_hal_dma_ex.o
       564         46          0          0          0       3628   stm32f4xx_hal_gpio.o
      1820         84          0          0          0       5892   stm32f4xx_hal_rcc.o
      1270         14          0          0          0       5611   stm32f4xx_hal_spi.o
        88          0          0          0          0       1288   stm32f4xx_hal_sram.o
      1816         16          0          0          0      11032   stm32f4xx_hal_uart.o
        32          0          0          0          0       4490   stm32f4xx_it.o
       232         10          0          0          0       2883   stm32f4xx_ll_fsmc.o
       204         12          0          0          0       1419   sys.o
        20          6         24          4          0       1455   system_stm32f4xx.o
       508         62          0          7        268       5957   usart.o

    ----------------------------------------------------------------------
     41288       1622      17865         44      44324     916605   Object Totals
         0          0         32          0          0          0   (incl. Generated)
        42          0          0          8          2          0   (incl. Padding)

    ----------------------------------------------------------------------

      Code (inc. data)   RO Data    RW Data    ZI Data      Debug   Library Member Name

         8          0          0          0          0         68   __main.o
       104          0          0          0          0         84   __printf.o
         0          0          0          0          0          0   __rtentry.o
        12          0          0          0          0          0   __rtentry2.o
         6          0          0          0          0          0   __rtentry4.o
        52          8          0          0          0          0   __scatter.o
        26          0          0          0          0          0   __scatter_copy.o
        28          0          0          0          0          0   __scatter_zi.o
        48          6          0          0          0         96   _printf_char_common.o
        36          4          0          0          0         80   _printf_char_file.o
         6          0          0          0          0          0   _printf_d.o
       120         16          0          0          0         92   _printf_dec.o
        88          4         40          0          0         88   _printf_hex_int.o
       178          0          0          0          0         88   _printf_intcommon.o
         0          0          0          0          0          0   _printf_percent.o
         4          0          0          0          0          0   _printf_percent_end.o
         6          0          0          0          0          0   _printf_u.o
         6          0          0          0          0          0   _printf_x.o
        18          0          0          0          0         80   exit.o
         8          0          0          0          0         68   ferror.o
         6          0          0          0          0        152   heapauxi.o
         2          0          0          0          0          0   libinit.o
         6          0          0          0          0          0   libinit2.o
         2          0          0          0          0          0   libshutdown.o
         2          0          0          0          0          0   libshutdown2.o
         8          4          0          0         96         68   libspace.o
       238          0          0          0          0        100   lludivv7m.o
        24          4          0          0          0         84   noretval__2printf.o
        78          0          0          0          0         80   rt_memclr_w.o
       138          0          0          0          0         68   rt_memcpy_v6.o
       100          0          0          0          0         80   rt_memcpy_w.o
         2          0          0          0          0          0   rtexit.o
        10          0          0          0          0          0   rtexit2.o
        74          0          0          0          0         80   sys_stackheap_outer.o
         2          0          0          0          0         68   use_no_semi.o
         2          0          0          0          0         68   use_no_semi_2.o
        90          4          0          0          0        140   dfixu.o
        38          0          0          0          0        116   dflt_clz.o
       340         12          0          0          0        152   dmul.o
       156          4          0          0          0        140   dnaninf.o
        12          0          0          0          0        116   dretinf.o
        10          0          0          0          0        116   fpinit.o
         0          0          0          0          0          0   usenofp.o

    ----------------------------------------------------------------------
      2098         66         41          0         96       2372   Library Totals
         4          0          1          0          0          0   (incl. Padding)

    ----------------------------------------------------------------------

      Code (inc. data)   RO Data    RW Data    ZI Data      Debug   Library Name

      1448         46         40          0         96       1592   c_w.l
       646         20          0          0          0        780   fz_wm.l

    ----------------------------------------------------------------------
      2098         66         41          0         96       2372   Library Totals

    ----------------------------------------------------------------------

==============================================================================


      Code (inc. data)   RO Data    RW Data    ZI Data      Debug   

     43386       1688      17906         44      44420     897097   Grand Totals
     43386       1688      17906         44      44420     897097   ELF Image Totals
     43386       1688      17906         44          0          0   ROM Totals

==============================================================================

    Total RO  Size (Code + RO Data)                61292 (  59.86kB)
    Total RW  Size (RW Data + ZI Data)             44464 (  43.42kB)
    Total ROM Size (Code + RO Data + RW Data)      61336 (  59.90kB)

==============================================================================

